ERROR:root:Loading prot data...
ERROR:root:Running hyperparam search...
ERROR:root:[WARNING] These genes have NAs in gene expression data!! ['ENSG00000160202', 'ENSG00000130385', 'ENSG00000215545', 'ENSG00000183862', 'ENSG00000143105', 'ENSG00000214642', 'ENSG00000186803', 'ENSG00000214042', 'ENSG00000136696', 'ENSG00000213417', 'ENSG00000137080', 'ENSG00000236637', 'ENSG00000262664', 'ENSG00000254550', 'ENSG00000197919', 'ENSG00000206047', 'ENSG00000152266', 'ENSG00000203618', 'ENSG00000268902', 'ENSG00000188716', 'ENSG00000250298', 'ENSG00000268651', 'ENSG00000268009', 'ENSG00000269096', 'ENSG00000173673', 'ENSG00000187238', 'ENSG00000205143', 'ENSG00000163217', 'ENSG00000111241', 'ENSG00000243509', 'ENSG00000184276', 'ENSG00000186579', 'ENSG00000176797', 'ENSG00000197110', 'ENSG00000120235', 'ENSG00000213022', 'ENSG00000145839', 'ENSG00000120242', 'ENSG00000185982', 'ENSG00000214285', 'ENSG00000186572', 'ENSG00000147885', 'ENSG00000172288', 'ENSG00000135413', 'ENSG00000228083', 'ENSG00000177047', 'ENSG00000242019', 'ENSG00000203970', 'ENSG00000125903', 'ENSG00000215547', 'ENSG00000196800', 'ENSG00000156575', 'ENSG00000131068', 'ENSG00000204640']
ERROR:root:[WARNING] These genes will be removed in downstream analyses. To fix this, please adjust the gene expression data
ERROR:root:[WARNING] Among NA genes, these are those with proteomic pval < 5e-7: ['ENSG00000160202', 'ENSG00000143105', 'ENSG00000262664', 'ENSG00000203618', 'ENSG00000188716', 'ENSG00000250298', 'ENSG00000243509', 'ENSG00000176797', 'ENSG00000152266', 'ENSG00000186572', 'ENSG00000172288', 'ENSG00000125903', 'ENSG00000206047', 'ENSG00000131068']
ERROR:root:Training the model...
ERROR:root:[WARNING] These genes have NAs in gene expression data!! ['ENSG00000160202', 'ENSG00000130385', 'ENSG00000215545', 'ENSG00000183862', 'ENSG00000143105', 'ENSG00000214642', 'ENSG00000186803', 'ENSG00000214042', 'ENSG00000136696', 'ENSG00000213417', 'ENSG00000137080', 'ENSG00000236637', 'ENSG00000262664', 'ENSG00000254550', 'ENSG00000197919', 'ENSG00000206047', 'ENSG00000152266', 'ENSG00000203618', 'ENSG00000268902', 'ENSG00000188716', 'ENSG00000250298', 'ENSG00000268651', 'ENSG00000268009', 'ENSG00000269096', 'ENSG00000173673', 'ENSG00000187238', 'ENSG00000205143', 'ENSG00000163217', 'ENSG00000111241', 'ENSG00000243509', 'ENSG00000184276', 'ENSG00000186579', 'ENSG00000176797', 'ENSG00000197110', 'ENSG00000120235', 'ENSG00000213022', 'ENSG00000145839', 'ENSG00000120242', 'ENSG00000185982', 'ENSG00000214285', 'ENSG00000186572', 'ENSG00000147885', 'ENSG00000172288', 'ENSG00000135413', 'ENSG00000228083', 'ENSG00000177047', 'ENSG00000242019', 'ENSG00000203970', 'ENSG00000125903', 'ENSG00000215547', 'ENSG00000196800', 'ENSG00000156575', 'ENSG00000131068', 'ENSG00000204640']
ERROR:root:[WARNING] These genes will be removed in downstream analyses. To fix this, please adjust the gene expression data
ERROR:root:[WARNING] Among NA genes, these are those with proteomic pval < 5e-7: ['ENSG00000160202', 'ENSG00000143105', 'ENSG00000262664', 'ENSG00000203618', 'ENSG00000188716', 'ENSG00000250298', 'ENSG00000243509', 'ENSG00000176797', 'ENSG00000152266', 'ENSG00000186572', 'ENSG00000172288', 'ENSG00000125903', 'ENSG00000206047', 'ENSG00000131068']
ERROR:root:Permutation importance...
ERROR:root:[WARNING] These genes have NAs in gene expression data!! ['ENSG00000160202', 'ENSG00000130385', 'ENSG00000215545', 'ENSG00000183862', 'ENSG00000143105', 'ENSG00000214642', 'ENSG00000186803', 'ENSG00000214042', 'ENSG00000136696', 'ENSG00000213417', 'ENSG00000137080', 'ENSG00000236637', 'ENSG00000262664', 'ENSG00000254550', 'ENSG00000197919', 'ENSG00000206047', 'ENSG00000152266', 'ENSG00000203618', 'ENSG00000268902', 'ENSG00000188716', 'ENSG00000250298', 'ENSG00000268651', 'ENSG00000268009', 'ENSG00000269096', 'ENSG00000173673', 'ENSG00000187238', 'ENSG00000205143', 'ENSG00000163217', 'ENSG00000111241', 'ENSG00000243509', 'ENSG00000184276', 'ENSG00000186579', 'ENSG00000176797', 'ENSG00000197110', 'ENSG00000120235', 'ENSG00000213022', 'ENSG00000145839', 'ENSG00000120242', 'ENSG00000185982', 'ENSG00000214285', 'ENSG00000186572', 'ENSG00000147885', 'ENSG00000172288', 'ENSG00000135413', 'ENSG00000228083', 'ENSG00000177047', 'ENSG00000242019', 'ENSG00000203970', 'ENSG00000125903', 'ENSG00000215547', 'ENSG00000196800', 'ENSG00000156575', 'ENSG00000131068', 'ENSG00000204640']
ERROR:root:[WARNING] These genes will be removed in downstream analyses. To fix this, please adjust the gene expression data
ERROR:root:[WARNING] Among NA genes, these are those with proteomic pval < 5e-7: ['ENSG00000160202', 'ENSG00000143105', 'ENSG00000262664', 'ENSG00000203618', 'ENSG00000188716', 'ENSG00000250298', 'ENSG00000243509', 'ENSG00000176797', 'ENSG00000152266', 'ENSG00000186572', 'ENSG00000172288', 'ENSG00000125903', 'ENSG00000206047', 'ENSG00000131068']
Traceback (most recent call last):
  File "/hpc/users/sucuy01/Yasemin_projects/gnpc_biomarker/updated_biomarker/biomarker-tracing/python_main_cell_type_spec_method/tree_based_methods.py", line 268, in <module>
    main(args)
  File "/hpc/users/sucuy01/Yasemin_projects/gnpc_biomarker/updated_biomarker/biomarker-tracing/python_main_cell_type_spec_method/tree_based_methods.py", line 242, in main
    permute_importance(args, prot_spec_final, atlas_smal)
  File "/hpc/users/sucuy01/Yasemin_projects/gnpc_biomarker/updated_biomarker/biomarker-tracing/python_main_cell_type_spec_method/tree_based_methods.py", line 34, in permute_importance
    sub_atl = X_df.loc[prot_spec_final["gene"].tolist(), :]
              ~~~~~~~~^^^^^^^^^^^^^^^^^^^^^^^^^^^^^^^^^^^^^
  File "/hpc/users/sucuy01/.conda/envs/scanpy-env/lib/python3.11/site-packages/pandas/core/indexing.py", line 1147, in __getitem__
    return self._getitem_tuple(key)
           ^^^^^^^^^^^^^^^^^^^^^^^^
  File "/hpc/users/sucuy01/.conda/envs/scanpy-env/lib/python3.11/site-packages/pandas/core/indexing.py", line 1339, in _getitem_tuple
    return self._getitem_tuple_same_dim(tup)
           ^^^^^^^^^^^^^^^^^^^^^^^^^^^^^^^^^
  File "/hpc/users/sucuy01/.conda/envs/scanpy-env/lib/python3.11/site-packages/pandas/core/indexing.py", line 994, in _getitem_tuple_same_dim
    retval = getattr(retval, self.name)._getitem_axis(key, axis=i)
             ^^^^^^^^^^^^^^^^^^^^^^^^^^^^^^^^^^^^^^^^^^^^^^^^^^^^^
  File "/hpc/users/sucuy01/.conda/envs/scanpy-env/lib/python3.11/site-packages/pandas/core/indexing.py", line 1382, in _getitem_axis
    return self._getitem_iterable(key, axis=axis)
           ^^^^^^^^^^^^^^^^^^^^^^^^^^^^^^^^^^^^^^
  File "/hpc/users/sucuy01/.conda/envs/scanpy-env/lib/python3.11/site-packages/pandas/core/indexing.py", line 1322, in _getitem_iterable
    keyarr, indexer = self._get_listlike_indexer(key, axis)
                      ^^^^^^^^^^^^^^^^^^^^^^^^^^^^^^^^^^^^^
  File "/hpc/users/sucuy01/.conda/envs/scanpy-env/lib/python3.11/site-packages/pandas/core/indexing.py", line 1520, in _get_listlike_indexer
    keyarr, indexer = ax._get_indexer_strict(key, axis_name)
                      ^^^^^^^^^^^^^^^^^^^^^^^^^^^^^^^^^^^^^^
  File "/hpc/users/sucuy01/.conda/envs/scanpy-env/lib/python3.11/site-packages/pandas/core/indexes/base.py", line 6115, in _get_indexer_strict
    self._raise_if_missing(keyarr, indexer, axis_name)
  File "/hpc/users/sucuy01/.conda/envs/scanpy-env/lib/python3.11/site-packages/pandas/core/indexes/base.py", line 6179, in _raise_if_missing
    raise KeyError(f"{not_found} not in index")
KeyError: "['ENSG00000274438', 'ENSG00000116957', 'ENSG00000168468', 'ENSG00000137332', 'ENSG00000112493', 'ENSG00000275528', 'ENSG00000184494', 'ENSG00000137345', 'ENSG00000105501', 'ENSG00000130489', 'ENSG00000206468', 'ENSG00000242520', 'ENSG00000255221', 'ENSG00000275903', 'ENSG00000206340', 'ENSG00000239836', 'ENSG00000277656', 'ENSG00000112474', 'ENSG00000146049', 'ENSG00000274853', 'ENSG00000206483', 'ENSG00000164393', 'ENSG00000096155', 'ENSG00000248546', 'ENSG00000197568', 'ENSG00000172524', 'ENSG00000227802', 'ENSG00000275397', 'ENSG00000163081', 'ENSG00000183214', 'ENSG00000277796', 'ENSG00000274221', 'ENSG00000173503', 'ENSG00000204359', 'ENSG00000275095', 'ENSG00000112096', 'ENSG00000206394', 'ENSG00000274283', 'ENSG00000204490', 'ENSG00000187172', 'ENSG00000133475', 'ENSG00000186493', 'ENSG00000273884', 'ENSG00000206402', 'ENSG00000278145', 'ENSG00000196101', 'ENSG00000137197', 'ENSG00000206301', 'ENSG00000273578', 'ENSG00000274143', 'ENSG00000176912', 'ENSG00000136275'] not in index"
