Sender: LSF System <lsfadmin@lc06e07>
Subject: Job 234570661: <atlas> in cluster <chimera> Exited

Job <atlas> was submitted from host <lh06c19> by user <sucuy01> in cluster <chimera> at Thu Mar 12 03:36:10 2026
Job was executed on host(s) <lc06e07>, in queue <premium>, as user <sucuy01> in cluster <chimera> at Thu Mar 12 03:36:15 2026
</hpc/users/sucuy01> was used as the home directory.
</hpc/users/sucuy01/Yasemin_projects/gnpc_biomarker/updated_biomarker/biomarker-tracing> was used as the working directory.
Started at Thu Mar 12 03:36:15 2026
Terminated at Thu Mar 12 03:36:21 2026
Results reported at Thu Mar 12 03:36:21 2026

Your job looked like:

------------------------------------------------------------
# LSBATCH: User input
bash bash_scripts/stability_analyses.sh placeholder /hpc/users/sucuy01/Yasemin_projects/gnpc_biomarker/updated_biomarker/biomarker-tracing/gnpc_run_results/pipeline_univar_multivar_ts_hca_pp_50//univar_association_testing/AD/atlas_smal_path_sig_cel_tis_filtered.tsv /hpc/users/sucuy01/Yasemin_projects/gnpc_biomarker/updated_biomarker/biomarker-tracing/gnpc_sumstats/ /hpc/users/sucuy01/Yasemin_projects/gnpc_biomarker/updated_biomarker/biomarker-tracing/gnpc_run_results/pipeline_univar_multivar_ts_hca_pp_50//stability_analyses/AD AD z_score 0.6 0 -1
------------------------------------------------------------

Exited with exit code 1.

Resource usage summary:

    CPU time :                                   2.54 sec.
    Max Memory :                                 93 MB
    Average Memory :                             61.00 MB
    Total Requested Memory :                     2000.00 MB
    Delta Memory :                               1907.00 MB
    Max Swap :                                   -
    Max Processes :                              5
    Max Threads :                                6
    Run time :                                   6 sec.
    Turnaround time :                            11 sec.

The output (if any) follows:

Python being used:
/hpc/users/sucuy01/.conda/envs/scanpy-env/bin/python
sklearn 1.3.2


PS:

Read file </hpc/users/sucuy01/Yasemin_projects/gnpc_biomarker/updated_biomarker/biomarker-tracing/gnpc_run_results/pipeline_univar_multivar_ts_hca_pp_50//stability_analyses/AD/AD.csv.stderr> for stderr output of this job.

