ERROR:root:Starting training...
ERROR:root:[WARNING] These genes have NAs in gene expression data!! ['ENSG00000165623']
ERROR:root:[WARNING] These genes will be removed in downstream analyses. To fix this, please adjust the gene expression data
ERROR:root:[WARNING] Among NA genes, these are those with proteomic pval < 5e-7: ['ENSG00000165623']
ERROR:root:alpha_l = [1.00000000e-03 1.09749877e-03 1.20450354e-03 1.32194115e-03
 1.45082878e-03 1.59228279e-03 1.74752840e-03 1.91791026e-03
 2.10490414e-03 2.31012970e-03 2.53536449e-03 2.78255940e-03
 3.05385551e-03 3.35160265e-03 3.67837977e-03 4.03701726e-03
 4.43062146e-03 4.86260158e-03 5.33669923e-03 5.85702082e-03
 6.42807312e-03 7.05480231e-03 7.74263683e-03 8.49753436e-03
 9.32603347e-03 1.02353102e-02 1.12332403e-02 1.23284674e-02
 1.35304777e-02 1.48496826e-02 1.62975083e-02 1.78864953e-02
 1.96304065e-02 2.15443469e-02 2.36448941e-02 2.59502421e-02
 2.84803587e-02 3.12571585e-02 3.43046929e-02 3.76493581e-02
 4.13201240e-02 4.53487851e-02 4.97702356e-02 5.46227722e-02
 5.99484250e-02 6.57933225e-02 7.22080902e-02 7.92482898e-02
 8.69749003e-02 9.54548457e-02 1.04761575e-01 1.14975700e-01
 1.26185688e-01 1.38488637e-01 1.51991108e-01 1.66810054e-01
 1.83073828e-01 2.00923300e-01 2.20513074e-01 2.42012826e-01
 2.65608778e-01 2.91505306e-01 3.19926714e-01 3.51119173e-01
 3.85352859e-01 4.22924287e-01 4.64158883e-01 5.09413801e-01
 5.59081018e-01 6.13590727e-01 6.73415066e-01 7.39072203e-01
 8.11130831e-01 8.90215085e-01 9.77009957e-01 1.07226722e+00
 1.17681195e+00 1.29154967e+00 1.41747416e+00 1.55567614e+00
 1.70735265e+00 1.87381742e+00 2.05651231e+00 2.25701972e+00
 2.47707636e+00 2.71858824e+00 2.98364724e+00 3.27454916e+00
 3.59381366e+00 3.94420606e+00 4.32876128e+00 4.75081016e+00
 5.21400829e+00 5.72236766e+00 6.28029144e+00 6.89261210e+00
 7.56463328e+00 8.30217568e+00 9.11162756e+00 1.00000000e+01]
ERROR:root:l1_ratios_l = [0.0001, 0.001, 0.005, 0.01, 0.05, 0.1, 0.2, 0.5, 0.7, 0.9, 0.95, 0.99]
ERROR:root:Working on alpha=10.00 l1_ratio=0.99
ERROR:root:Working on alpha=10.00 l1_ratio=0.95
ERROR:root:Working on alpha=10.00 l1_ratio=0.9
ERROR:root:Working on alpha=10.00 l1_ratio=0.7
ERROR:root:Working on alpha=10.00 l1_ratio=0.5
ERROR:root:Working on alpha=10.00 l1_ratio=0.2
ERROR:root:Working on alpha=10.00 l1_ratio=0.1
ERROR:root:Working on alpha=10.00 l1_ratio=0.05
ERROR:root:Working on alpha=10.00 l1_ratio=0.01
ERROR:root:Working on alpha=10.00 l1_ratio=0.005
ERROR:root:Working on alpha=10.00 l1_ratio=0.001
ERROR:root:Working on alpha=10.00 l1_ratio=0.0001
ERROR:root:Working on alpha=9.11 l1_ratio=0.99
ERROR:root:Working on alpha=9.11 l1_ratio=0.95
ERROR:root:Working on alpha=9.11 l1_ratio=0.9
ERROR:root:Working on alpha=9.11 l1_ratio=0.7
ERROR:root:Working on alpha=9.11 l1_ratio=0.5
ERROR:root:Working on alpha=9.11 l1_ratio=0.2
ERROR:root:Working on alpha=9.11 l1_ratio=0.1
ERROR:root:Working on alpha=9.11 l1_ratio=0.05
ERROR:root:Working on alpha=9.11 l1_ratio=0.01
ERROR:root:Working on alpha=9.11 l1_ratio=0.005
ERROR:root:Working on alpha=9.11 l1_ratio=0.001
ERROR:root:Working on alpha=9.11 l1_ratio=0.0001
ERROR:root:Working on alpha=8.30 l1_ratio=0.99
ERROR:root:Working on alpha=8.30 l1_ratio=0.95
ERROR:root:Working on alpha=8.30 l1_ratio=0.9
ERROR:root:Working on alpha=8.30 l1_ratio=0.7
ERROR:root:Working on alpha=8.30 l1_ratio=0.5
ERROR:root:Working on alpha=8.30 l1_ratio=0.2
ERROR:root:Working on alpha=8.30 l1_ratio=0.1
ERROR:root:Working on alpha=8.30 l1_ratio=0.05
ERROR:root:Working on alpha=8.30 l1_ratio=0.01
ERROR:root:Working on alpha=8.30 l1_ratio=0.005
ERROR:root:Working on alpha=8.30 l1_ratio=0.001
ERROR:root:Working on alpha=8.30 l1_ratio=0.0001
ERROR:root:Working on alpha=7.56 l1_ratio=0.99
ERROR:root:Working on alpha=7.56 l1_ratio=0.95
ERROR:root:Working on alpha=7.56 l1_ratio=0.9
ERROR:root:Working on alpha=7.56 l1_ratio=0.7
ERROR:root:Working on alpha=7.56 l1_ratio=0.5
ERROR:root:Working on alpha=7.56 l1_ratio=0.2
ERROR:root:Working on alpha=7.56 l1_ratio=0.1
ERROR:root:Working on alpha=7.56 l1_ratio=0.05
ERROR:root:Working on alpha=7.56 l1_ratio=0.01
ERROR:root:Working on alpha=7.56 l1_ratio=0.005
ERROR:root:Working on alpha=7.56 l1_ratio=0.001
ERROR:root:Working on alpha=7.56 l1_ratio=0.0001
ERROR:root:Working on alpha=6.89 l1_ratio=0.99
ERROR:root:Working on alpha=6.89 l1_ratio=0.95
ERROR:root:Working on alpha=6.89 l1_ratio=0.9
ERROR:root:Working on alpha=6.89 l1_ratio=0.7
ERROR:root:Working on alpha=6.89 l1_ratio=0.5
ERROR:root:Working on alpha=6.89 l1_ratio=0.2
ERROR:root:Working on alpha=6.89 l1_ratio=0.1
ERROR:root:Working on alpha=6.89 l1_ratio=0.05
ERROR:root:Working on alpha=6.89 l1_ratio=0.01
ERROR:root:Working on alpha=6.89 l1_ratio=0.005
ERROR:root:Working on alpha=6.89 l1_ratio=0.001
ERROR:root:Working on alpha=6.89 l1_ratio=0.0001
ERROR:root:Working on alpha=6.28 l1_ratio=0.99
ERROR:root:Working on alpha=6.28 l1_ratio=0.95
ERROR:root:Working on alpha=6.28 l1_ratio=0.9
ERROR:root:Working on alpha=6.28 l1_ratio=0.7
ERROR:root:Working on alpha=6.28 l1_ratio=0.5
ERROR:root:Working on alpha=6.28 l1_ratio=0.2
ERROR:root:Working on alpha=6.28 l1_ratio=0.1
ERROR:root:Working on alpha=6.28 l1_ratio=0.05
ERROR:root:Working on alpha=6.28 l1_ratio=0.01
ERROR:root:Working on alpha=6.28 l1_ratio=0.005
ERROR:root:Working on alpha=6.28 l1_ratio=0.001
ERROR:root:Working on alpha=6.28 l1_ratio=0.0001
ERROR:root:Working on alpha=5.72 l1_ratio=0.99
ERROR:root:Working on alpha=5.72 l1_ratio=0.95
ERROR:root:Working on alpha=5.72 l1_ratio=0.9
ERROR:root:Working on alpha=5.72 l1_ratio=0.7
ERROR:root:Working on alpha=5.72 l1_ratio=0.5
ERROR:root:Working on alpha=5.72 l1_ratio=0.2
ERROR:root:Working on alpha=5.72 l1_ratio=0.1
ERROR:root:Working on alpha=5.72 l1_ratio=0.05
ERROR:root:Working on alpha=5.72 l1_ratio=0.01
ERROR:root:Working on alpha=5.72 l1_ratio=0.005
ERROR:root:Working on alpha=5.72 l1_ratio=0.001
ERROR:root:Working on alpha=5.72 l1_ratio=0.0001
ERROR:root:Working on alpha=5.21 l1_ratio=0.99
ERROR:root:Working on alpha=5.21 l1_ratio=0.95
ERROR:root:Working on alpha=5.21 l1_ratio=0.9
ERROR:root:Working on alpha=5.21 l1_ratio=0.7
ERROR:root:Working on alpha=5.21 l1_ratio=0.5
ERROR:root:Working on alpha=5.21 l1_ratio=0.2
ERROR:root:Working on alpha=5.21 l1_ratio=0.1
ERROR:root:Working on alpha=5.21 l1_ratio=0.05
ERROR:root:Working on alpha=5.21 l1_ratio=0.01
ERROR:root:Working on alpha=5.21 l1_ratio=0.005
ERROR:root:Working on alpha=5.21 l1_ratio=0.001
ERROR:root:Working on alpha=5.21 l1_ratio=0.0001
ERROR:root:Working on alpha=4.75 l1_ratio=0.99
ERROR:root:Working on alpha=4.75 l1_ratio=0.95
ERROR:root:Working on alpha=4.75 l1_ratio=0.9
ERROR:root:Working on alpha=4.75 l1_ratio=0.7
ERROR:root:Working on alpha=4.75 l1_ratio=0.5
ERROR:root:Working on alpha=4.75 l1_ratio=0.2
ERROR:root:Working on alpha=4.75 l1_ratio=0.1
ERROR:root:Working on alpha=4.75 l1_ratio=0.05
ERROR:root:Working on alpha=4.75 l1_ratio=0.01
ERROR:root:Working on alpha=4.75 l1_ratio=0.005
ERROR:root:Working on alpha=4.75 l1_ratio=0.001
ERROR:root:Working on alpha=4.75 l1_ratio=0.0001
ERROR:root:Working on alpha=4.33 l1_ratio=0.99
ERROR:root:Working on alpha=4.33 l1_ratio=0.95
ERROR:root:Working on alpha=4.33 l1_ratio=0.9
ERROR:root:Working on alpha=4.33 l1_ratio=0.7
ERROR:root:Working on alpha=4.33 l1_ratio=0.5
ERROR:root:Working on alpha=4.33 l1_ratio=0.2
ERROR:root:Working on alpha=4.33 l1_ratio=0.1
ERROR:root:Working on alpha=4.33 l1_ratio=0.05
ERROR:root:Working on alpha=4.33 l1_ratio=0.01
ERROR:root:Working on alpha=4.33 l1_ratio=0.005
ERROR:root:Working on alpha=4.33 l1_ratio=0.001
ERROR:root:Working on alpha=4.33 l1_ratio=0.0001
ERROR:root:Working on alpha=3.94 l1_ratio=0.99
ERROR:root:Working on alpha=3.94 l1_ratio=0.95
ERROR:root:Working on alpha=3.94 l1_ratio=0.9
ERROR:root:Working on alpha=3.94 l1_ratio=0.7
ERROR:root:Working on alpha=3.94 l1_ratio=0.5
ERROR:root:Working on alpha=3.94 l1_ratio=0.2
ERROR:root:Working on alpha=3.94 l1_ratio=0.1
ERROR:root:Working on alpha=3.94 l1_ratio=0.05
ERROR:root:Working on alpha=3.94 l1_ratio=0.01
ERROR:root:Working on alpha=3.94 l1_ratio=0.005
ERROR:root:Working on alpha=3.94 l1_ratio=0.001
ERROR:root:Working on alpha=3.94 l1_ratio=0.0001
ERROR:root:Working on alpha=3.59 l1_ratio=0.99
ERROR:root:Working on alpha=3.59 l1_ratio=0.95
ERROR:root:Working on alpha=3.59 l1_ratio=0.9
ERROR:root:Working on alpha=3.59 l1_ratio=0.7
ERROR:root:Working on alpha=3.59 l1_ratio=0.5
ERROR:root:Working on alpha=3.59 l1_ratio=0.2
ERROR:root:Working on alpha=3.59 l1_ratio=0.1
ERROR:root:Working on alpha=3.59 l1_ratio=0.05
ERROR:root:Working on alpha=3.59 l1_ratio=0.01
ERROR:root:Working on alpha=3.59 l1_ratio=0.005
ERROR:root:Working on alpha=3.59 l1_ratio=0.001
ERROR:root:Working on alpha=3.59 l1_ratio=0.0001
ERROR:root:Working on alpha=3.27 l1_ratio=0.99
ERROR:root:Working on alpha=3.27 l1_ratio=0.95
ERROR:root:Working on alpha=3.27 l1_ratio=0.9
ERROR:root:Working on alpha=3.27 l1_ratio=0.7
ERROR:root:Working on alpha=3.27 l1_ratio=0.5
ERROR:root:Working on alpha=3.27 l1_ratio=0.2
ERROR:root:Working on alpha=3.27 l1_ratio=0.1
ERROR:root:Working on alpha=3.27 l1_ratio=0.05
ERROR:root:Working on alpha=3.27 l1_ratio=0.01
ERROR:root:Working on alpha=3.27 l1_ratio=0.005
ERROR:root:Working on alpha=3.27 l1_ratio=0.001
ERROR:root:Working on alpha=3.27 l1_ratio=0.0001
ERROR:root:Working on alpha=2.98 l1_ratio=0.99
ERROR:root:Working on alpha=2.98 l1_ratio=0.95
ERROR:root:Working on alpha=2.98 l1_ratio=0.9
ERROR:root:Working on alpha=2.98 l1_ratio=0.7
ERROR:root:Working on alpha=2.98 l1_ratio=0.5
ERROR:root:Working on alpha=2.98 l1_ratio=0.2
ERROR:root:Working on alpha=2.98 l1_ratio=0.1
ERROR:root:Working on alpha=2.98 l1_ratio=0.05
ERROR:root:Working on alpha=2.98 l1_ratio=0.01
ERROR:root:Working on alpha=2.98 l1_ratio=0.005
ERROR:root:Working on alpha=2.98 l1_ratio=0.001
ERROR:root:Working on alpha=2.98 l1_ratio=0.0001
ERROR:root:Working on alpha=2.72 l1_ratio=0.99
ERROR:root:Working on alpha=2.72 l1_ratio=0.95
ERROR:root:Working on alpha=2.72 l1_ratio=0.9
ERROR:root:Working on alpha=2.72 l1_ratio=0.7
ERROR:root:Working on alpha=2.72 l1_ratio=0.5
ERROR:root:Working on alpha=2.72 l1_ratio=0.2
ERROR:root:Working on alpha=2.72 l1_ratio=0.1
ERROR:root:Working on alpha=2.72 l1_ratio=0.05
ERROR:root:Working on alpha=2.72 l1_ratio=0.01
ERROR:root:Working on alpha=2.72 l1_ratio=0.005
ERROR:root:Working on alpha=2.72 l1_ratio=0.001
ERROR:root:Working on alpha=2.72 l1_ratio=0.0001
ERROR:root:Working on alpha=2.48 l1_ratio=0.99
ERROR:root:Working on alpha=2.48 l1_ratio=0.95
ERROR:root:Working on alpha=2.48 l1_ratio=0.9
ERROR:root:Working on alpha=2.48 l1_ratio=0.7
ERROR:root:Working on alpha=2.48 l1_ratio=0.5
ERROR:root:Working on alpha=2.48 l1_ratio=0.2
ERROR:root:Working on alpha=2.48 l1_ratio=0.1
ERROR:root:Working on alpha=2.48 l1_ratio=0.05
ERROR:root:Working on alpha=2.48 l1_ratio=0.01
ERROR:root:Working on alpha=2.48 l1_ratio=0.005
ERROR:root:Working on alpha=2.48 l1_ratio=0.001
ERROR:root:Working on alpha=2.48 l1_ratio=0.0001
ERROR:root:Working on alpha=2.26 l1_ratio=0.99
ERROR:root:Working on alpha=2.26 l1_ratio=0.95
ERROR:root:Working on alpha=2.26 l1_ratio=0.9
ERROR:root:Working on alpha=2.26 l1_ratio=0.7
ERROR:root:Working on alpha=2.26 l1_ratio=0.5
ERROR:root:Working on alpha=2.26 l1_ratio=0.2
ERROR:root:Working on alpha=2.26 l1_ratio=0.1
ERROR:root:Working on alpha=2.26 l1_ratio=0.05
ERROR:root:Working on alpha=2.26 l1_ratio=0.01
ERROR:root:Working on alpha=2.26 l1_ratio=0.005
ERROR:root:Working on alpha=2.26 l1_ratio=0.001
ERROR:root:Working on alpha=2.26 l1_ratio=0.0001
ERROR:root:Working on alpha=2.06 l1_ratio=0.99
ERROR:root:Working on alpha=2.06 l1_ratio=0.95
ERROR:root:Working on alpha=2.06 l1_ratio=0.9
ERROR:root:Working on alpha=2.06 l1_ratio=0.7
ERROR:root:Working on alpha=2.06 l1_ratio=0.5
ERROR:root:Working on alpha=2.06 l1_ratio=0.2
ERROR:root:Working on alpha=2.06 l1_ratio=0.1
ERROR:root:Working on alpha=2.06 l1_ratio=0.05
ERROR:root:Working on alpha=2.06 l1_ratio=0.01
ERROR:root:Working on alpha=2.06 l1_ratio=0.005
ERROR:root:Working on alpha=2.06 l1_ratio=0.001
ERROR:root:Working on alpha=2.06 l1_ratio=0.0001
ERROR:root:Working on alpha=1.87 l1_ratio=0.99
ERROR:root:Working on alpha=1.87 l1_ratio=0.95
ERROR:root:Working on alpha=1.87 l1_ratio=0.9
ERROR:root:Working on alpha=1.87 l1_ratio=0.7
ERROR:root:Working on alpha=1.87 l1_ratio=0.5
ERROR:root:Working on alpha=1.87 l1_ratio=0.2
ERROR:root:Working on alpha=1.87 l1_ratio=0.1
ERROR:root:Working on alpha=1.87 l1_ratio=0.05
ERROR:root:Working on alpha=1.87 l1_ratio=0.01
ERROR:root:Working on alpha=1.87 l1_ratio=0.005
ERROR:root:Working on alpha=1.87 l1_ratio=0.001
ERROR:root:Working on alpha=1.87 l1_ratio=0.0001
ERROR:root:Working on alpha=1.71 l1_ratio=0.99
ERROR:root:Working on alpha=1.71 l1_ratio=0.95
ERROR:root:Working on alpha=1.71 l1_ratio=0.9
ERROR:root:Working on alpha=1.71 l1_ratio=0.7
ERROR:root:Working on alpha=1.71 l1_ratio=0.5
ERROR:root:Working on alpha=1.71 l1_ratio=0.2
ERROR:root:Working on alpha=1.71 l1_ratio=0.1
ERROR:root:Working on alpha=1.71 l1_ratio=0.05
ERROR:root:Working on alpha=1.71 l1_ratio=0.01
ERROR:root:Working on alpha=1.71 l1_ratio=0.005
ERROR:root:Working on alpha=1.71 l1_ratio=0.001
ERROR:root:Working on alpha=1.71 l1_ratio=0.0001
ERROR:root:Working on alpha=1.56 l1_ratio=0.99
ERROR:root:Working on alpha=1.56 l1_ratio=0.95
ERROR:root:Working on alpha=1.56 l1_ratio=0.9
ERROR:root:Working on alpha=1.56 l1_ratio=0.7
ERROR:root:Working on alpha=1.56 l1_ratio=0.5
ERROR:root:Working on alpha=1.56 l1_ratio=0.2
ERROR:root:Working on alpha=1.56 l1_ratio=0.1
ERROR:root:Working on alpha=1.56 l1_ratio=0.05
ERROR:root:Working on alpha=1.56 l1_ratio=0.01
ERROR:root:Working on alpha=1.56 l1_ratio=0.005
ERROR:root:Working on alpha=1.56 l1_ratio=0.001
ERROR:root:Working on alpha=1.56 l1_ratio=0.0001
ERROR:root:Working on alpha=1.42 l1_ratio=0.99
ERROR:root:Working on alpha=1.42 l1_ratio=0.95
ERROR:root:Working on alpha=1.42 l1_ratio=0.9
ERROR:root:Working on alpha=1.42 l1_ratio=0.7
ERROR:root:Working on alpha=1.42 l1_ratio=0.5
ERROR:root:Working on alpha=1.42 l1_ratio=0.2
ERROR:root:Working on alpha=1.42 l1_ratio=0.1
ERROR:root:Working on alpha=1.42 l1_ratio=0.05
ERROR:root:Working on alpha=1.42 l1_ratio=0.01
ERROR:root:Working on alpha=1.42 l1_ratio=0.005
ERROR:root:Working on alpha=1.42 l1_ratio=0.001
ERROR:root:Working on alpha=1.42 l1_ratio=0.0001
ERROR:root:Working on alpha=1.29 l1_ratio=0.99
ERROR:root:Working on alpha=1.29 l1_ratio=0.95
ERROR:root:Working on alpha=1.29 l1_ratio=0.9
ERROR:root:Working on alpha=1.29 l1_ratio=0.7
ERROR:root:Working on alpha=1.29 l1_ratio=0.5
ERROR:root:Working on alpha=1.29 l1_ratio=0.2
ERROR:root:Working on alpha=1.29 l1_ratio=0.1
ERROR:root:Working on alpha=1.29 l1_ratio=0.05
ERROR:root:Working on alpha=1.29 l1_ratio=0.01
ERROR:root:Working on alpha=1.29 l1_ratio=0.005
ERROR:root:Working on alpha=1.29 l1_ratio=0.001
ERROR:root:Working on alpha=1.29 l1_ratio=0.0001
ERROR:root:Working on alpha=1.18 l1_ratio=0.99
ERROR:root:Working on alpha=1.18 l1_ratio=0.95
ERROR:root:Working on alpha=1.18 l1_ratio=0.9
ERROR:root:Working on alpha=1.18 l1_ratio=0.7
ERROR:root:Working on alpha=1.18 l1_ratio=0.5
ERROR:root:Working on alpha=1.18 l1_ratio=0.2
ERROR:root:Working on alpha=1.18 l1_ratio=0.1
ERROR:root:Working on alpha=1.18 l1_ratio=0.05
ERROR:root:Working on alpha=1.18 l1_ratio=0.01
ERROR:root:Working on alpha=1.18 l1_ratio=0.005
ERROR:root:Working on alpha=1.18 l1_ratio=0.001
ERROR:root:Working on alpha=1.18 l1_ratio=0.0001
ERROR:root:Working on alpha=1.07 l1_ratio=0.99
ERROR:root:Working on alpha=1.07 l1_ratio=0.95
ERROR:root:Working on alpha=1.07 l1_ratio=0.9
ERROR:root:Working on alpha=1.07 l1_ratio=0.7
ERROR:root:Working on alpha=1.07 l1_ratio=0.5
ERROR:root:Working on alpha=1.07 l1_ratio=0.2
ERROR:root:Working on alpha=1.07 l1_ratio=0.1
ERROR:root:Working on alpha=1.07 l1_ratio=0.05
ERROR:root:Working on alpha=1.07 l1_ratio=0.01
ERROR:root:Working on alpha=1.07 l1_ratio=0.005
ERROR:root:Working on alpha=1.07 l1_ratio=0.001
ERROR:root:Working on alpha=1.07 l1_ratio=0.0001
ERROR:root:Working on alpha=0.98 l1_ratio=0.99
ERROR:root:Working on alpha=0.98 l1_ratio=0.95
ERROR:root:Working on alpha=0.98 l1_ratio=0.9
ERROR:root:Working on alpha=0.98 l1_ratio=0.7
ERROR:root:Working on alpha=0.98 l1_ratio=0.5
ERROR:root:Working on alpha=0.98 l1_ratio=0.2
ERROR:root:Working on alpha=0.98 l1_ratio=0.1
ERROR:root:Working on alpha=0.98 l1_ratio=0.05
ERROR:root:Working on alpha=0.98 l1_ratio=0.01
ERROR:root:Working on alpha=0.98 l1_ratio=0.005
ERROR:root:Working on alpha=0.98 l1_ratio=0.001
ERROR:root:Working on alpha=0.98 l1_ratio=0.0001
ERROR:root:Working on alpha=0.89 l1_ratio=0.99
ERROR:root:Working on alpha=0.89 l1_ratio=0.95
ERROR:root:Working on alpha=0.89 l1_ratio=0.9
ERROR:root:Working on alpha=0.89 l1_ratio=0.7
ERROR:root:Working on alpha=0.89 l1_ratio=0.5
ERROR:root:Working on alpha=0.89 l1_ratio=0.2
ERROR:root:Working on alpha=0.89 l1_ratio=0.1
ERROR:root:Working on alpha=0.89 l1_ratio=0.05
ERROR:root:Working on alpha=0.89 l1_ratio=0.01
ERROR:root:Working on alpha=0.89 l1_ratio=0.005
ERROR:root:Working on alpha=0.89 l1_ratio=0.001
ERROR:root:Working on alpha=0.89 l1_ratio=0.0001
ERROR:root:Working on alpha=0.81 l1_ratio=0.99
ERROR:root:Working on alpha=0.81 l1_ratio=0.95
ERROR:root:Working on alpha=0.81 l1_ratio=0.9
ERROR:root:Working on alpha=0.81 l1_ratio=0.7
ERROR:root:Working on alpha=0.81 l1_ratio=0.5
ERROR:root:Working on alpha=0.81 l1_ratio=0.2
ERROR:root:Working on alpha=0.81 l1_ratio=0.1
ERROR:root:Working on alpha=0.81 l1_ratio=0.05
ERROR:root:Working on alpha=0.81 l1_ratio=0.01
ERROR:root:Working on alpha=0.81 l1_ratio=0.005
ERROR:root:Working on alpha=0.81 l1_ratio=0.001
ERROR:root:Working on alpha=0.81 l1_ratio=0.0001
ERROR:root:Working on alpha=0.74 l1_ratio=0.99
ERROR:root:Working on alpha=0.74 l1_ratio=0.95
ERROR:root:Working on alpha=0.74 l1_ratio=0.9
ERROR:root:Working on alpha=0.74 l1_ratio=0.7
ERROR:root:Working on alpha=0.74 l1_ratio=0.5
ERROR:root:Working on alpha=0.74 l1_ratio=0.2
ERROR:root:Working on alpha=0.74 l1_ratio=0.1
ERROR:root:Working on alpha=0.74 l1_ratio=0.05
ERROR:root:Working on alpha=0.74 l1_ratio=0.01
ERROR:root:Working on alpha=0.74 l1_ratio=0.005
ERROR:root:Working on alpha=0.74 l1_ratio=0.001
ERROR:root:Working on alpha=0.74 l1_ratio=0.0001
ERROR:root:Working on alpha=0.67 l1_ratio=0.99
ERROR:root:Working on alpha=0.67 l1_ratio=0.95
ERROR:root:Working on alpha=0.67 l1_ratio=0.9
ERROR:root:Working on alpha=0.67 l1_ratio=0.7
ERROR:root:Working on alpha=0.67 l1_ratio=0.5
ERROR:root:Working on alpha=0.67 l1_ratio=0.2
ERROR:root:Working on alpha=0.67 l1_ratio=0.1
ERROR:root:Working on alpha=0.67 l1_ratio=0.05
ERROR:root:Working on alpha=0.67 l1_ratio=0.01
ERROR:root:Working on alpha=0.67 l1_ratio=0.005
ERROR:root:Working on alpha=0.67 l1_ratio=0.001
ERROR:root:Working on alpha=0.67 l1_ratio=0.0001
ERROR:root:Working on alpha=0.61 l1_ratio=0.99
ERROR:root:Working on alpha=0.61 l1_ratio=0.95
ERROR:root:Working on alpha=0.61 l1_ratio=0.9
ERROR:root:Working on alpha=0.61 l1_ratio=0.7
ERROR:root:Working on alpha=0.61 l1_ratio=0.5
ERROR:root:Working on alpha=0.61 l1_ratio=0.2
ERROR:root:Working on alpha=0.61 l1_ratio=0.1
ERROR:root:Working on alpha=0.61 l1_ratio=0.05
ERROR:root:Working on alpha=0.61 l1_ratio=0.01
ERROR:root:Working on alpha=0.61 l1_ratio=0.005
ERROR:root:Working on alpha=0.61 l1_ratio=0.001
ERROR:root:Working on alpha=0.61 l1_ratio=0.0001
ERROR:root:Working on alpha=0.56 l1_ratio=0.99
ERROR:root:Working on alpha=0.56 l1_ratio=0.95
ERROR:root:Working on alpha=0.56 l1_ratio=0.9
ERROR:root:Working on alpha=0.56 l1_ratio=0.7
ERROR:root:Working on alpha=0.56 l1_ratio=0.5
ERROR:root:Working on alpha=0.56 l1_ratio=0.2
ERROR:root:Working on alpha=0.56 l1_ratio=0.1
ERROR:root:Working on alpha=0.56 l1_ratio=0.05
ERROR:root:Working on alpha=0.56 l1_ratio=0.01
ERROR:root:Working on alpha=0.56 l1_ratio=0.005
ERROR:root:Working on alpha=0.56 l1_ratio=0.001
ERROR:root:Working on alpha=0.56 l1_ratio=0.0001
ERROR:root:Working on alpha=0.51 l1_ratio=0.99
ERROR:root:Working on alpha=0.51 l1_ratio=0.95
ERROR:root:Working on alpha=0.51 l1_ratio=0.9
ERROR:root:Working on alpha=0.51 l1_ratio=0.7
ERROR:root:Working on alpha=0.51 l1_ratio=0.5
ERROR:root:Working on alpha=0.51 l1_ratio=0.2
ERROR:root:Working on alpha=0.51 l1_ratio=0.1
ERROR:root:Working on alpha=0.51 l1_ratio=0.05
ERROR:root:Working on alpha=0.51 l1_ratio=0.01
ERROR:root:Working on alpha=0.51 l1_ratio=0.005
ERROR:root:Working on alpha=0.51 l1_ratio=0.001
ERROR:root:Working on alpha=0.51 l1_ratio=0.0001
ERROR:root:Working on alpha=0.46 l1_ratio=0.99
ERROR:root:Working on alpha=0.46 l1_ratio=0.95
ERROR:root:Working on alpha=0.46 l1_ratio=0.9
ERROR:root:Working on alpha=0.46 l1_ratio=0.7
ERROR:root:Working on alpha=0.46 l1_ratio=0.5
ERROR:root:Working on alpha=0.46 l1_ratio=0.2
ERROR:root:Working on alpha=0.46 l1_ratio=0.1
ERROR:root:Working on alpha=0.46 l1_ratio=0.05
ERROR:root:Working on alpha=0.46 l1_ratio=0.01
ERROR:root:Working on alpha=0.46 l1_ratio=0.005
ERROR:root:Working on alpha=0.46 l1_ratio=0.001
ERROR:root:Working on alpha=0.46 l1_ratio=0.0001
ERROR:root:Working on alpha=0.42 l1_ratio=0.99
ERROR:root:Working on alpha=0.42 l1_ratio=0.95
ERROR:root:Working on alpha=0.42 l1_ratio=0.9
ERROR:root:Working on alpha=0.42 l1_ratio=0.7
ERROR:root:Working on alpha=0.42 l1_ratio=0.5
ERROR:root:Working on alpha=0.42 l1_ratio=0.2
ERROR:root:Working on alpha=0.42 l1_ratio=0.1
ERROR:root:Working on alpha=0.42 l1_ratio=0.05
ERROR:root:Working on alpha=0.42 l1_ratio=0.01
ERROR:root:Working on alpha=0.42 l1_ratio=0.005
ERROR:root:Working on alpha=0.42 l1_ratio=0.001
ERROR:root:Working on alpha=0.42 l1_ratio=0.0001
ERROR:root:Working on alpha=0.39 l1_ratio=0.99
ERROR:root:Working on alpha=0.39 l1_ratio=0.95
ERROR:root:Working on alpha=0.39 l1_ratio=0.9
ERROR:root:Working on alpha=0.39 l1_ratio=0.7
ERROR:root:Working on alpha=0.39 l1_ratio=0.5
ERROR:root:Working on alpha=0.39 l1_ratio=0.2
ERROR:root:Working on alpha=0.39 l1_ratio=0.1
ERROR:root:Working on alpha=0.39 l1_ratio=0.05
ERROR:root:Working on alpha=0.39 l1_ratio=0.01
ERROR:root:Working on alpha=0.39 l1_ratio=0.005
ERROR:root:Working on alpha=0.39 l1_ratio=0.001
ERROR:root:Working on alpha=0.39 l1_ratio=0.0001
ERROR:root:Working on alpha=0.35 l1_ratio=0.99
ERROR:root:Working on alpha=0.35 l1_ratio=0.95
ERROR:root:Working on alpha=0.35 l1_ratio=0.9
ERROR:root:Working on alpha=0.35 l1_ratio=0.7
ERROR:root:Working on alpha=0.35 l1_ratio=0.5
ERROR:root:Working on alpha=0.35 l1_ratio=0.2
ERROR:root:Working on alpha=0.35 l1_ratio=0.1
ERROR:root:Working on alpha=0.35 l1_ratio=0.05
ERROR:root:Working on alpha=0.35 l1_ratio=0.01
ERROR:root:Working on alpha=0.35 l1_ratio=0.005
ERROR:root:Working on alpha=0.35 l1_ratio=0.001
ERROR:root:Working on alpha=0.35 l1_ratio=0.0001
ERROR:root:Working on alpha=0.32 l1_ratio=0.99
ERROR:root:Working on alpha=0.32 l1_ratio=0.95
ERROR:root:Working on alpha=0.32 l1_ratio=0.9
ERROR:root:Working on alpha=0.32 l1_ratio=0.7
ERROR:root:Working on alpha=0.32 l1_ratio=0.5
ERROR:root:Working on alpha=0.32 l1_ratio=0.2
ERROR:root:Working on alpha=0.32 l1_ratio=0.1
ERROR:root:Working on alpha=0.32 l1_ratio=0.05
ERROR:root:Working on alpha=0.32 l1_ratio=0.01
ERROR:root:Working on alpha=0.32 l1_ratio=0.005
ERROR:root:Working on alpha=0.32 l1_ratio=0.001
ERROR:root:Working on alpha=0.32 l1_ratio=0.0001
ERROR:root:Working on alpha=0.29 l1_ratio=0.99
ERROR:root:Working on alpha=0.29 l1_ratio=0.95
ERROR:root:Working on alpha=0.29 l1_ratio=0.9
ERROR:root:Working on alpha=0.29 l1_ratio=0.7
ERROR:root:Working on alpha=0.29 l1_ratio=0.5
ERROR:root:Working on alpha=0.29 l1_ratio=0.2
ERROR:root:Working on alpha=0.29 l1_ratio=0.1
ERROR:root:Working on alpha=0.29 l1_ratio=0.05
ERROR:root:Working on alpha=0.29 l1_ratio=0.01
ERROR:root:Working on alpha=0.29 l1_ratio=0.005
ERROR:root:Working on alpha=0.29 l1_ratio=0.001
ERROR:root:Working on alpha=0.29 l1_ratio=0.0001
ERROR:root:Working on alpha=0.27 l1_ratio=0.99
ERROR:root:Working on alpha=0.27 l1_ratio=0.95
ERROR:root:Working on alpha=0.27 l1_ratio=0.9
ERROR:root:Working on alpha=0.27 l1_ratio=0.7
ERROR:root:Working on alpha=0.27 l1_ratio=0.5
ERROR:root:Working on alpha=0.27 l1_ratio=0.2
ERROR:root:Working on alpha=0.27 l1_ratio=0.1
ERROR:root:Working on alpha=0.27 l1_ratio=0.05
ERROR:root:Working on alpha=0.27 l1_ratio=0.01
ERROR:root:Working on alpha=0.27 l1_ratio=0.005
ERROR:root:Working on alpha=0.27 l1_ratio=0.001
ERROR:root:Working on alpha=0.27 l1_ratio=0.0001
ERROR:root:Working on alpha=0.24 l1_ratio=0.99
ERROR:root:Working on alpha=0.24 l1_ratio=0.95
ERROR:root:Working on alpha=0.24 l1_ratio=0.9
ERROR:root:Working on alpha=0.24 l1_ratio=0.7
ERROR:root:Working on alpha=0.24 l1_ratio=0.5
ERROR:root:Working on alpha=0.24 l1_ratio=0.2
ERROR:root:Working on alpha=0.24 l1_ratio=0.1
ERROR:root:Working on alpha=0.24 l1_ratio=0.05
ERROR:root:Working on alpha=0.24 l1_ratio=0.01
ERROR:root:Working on alpha=0.24 l1_ratio=0.005
ERROR:root:Working on alpha=0.24 l1_ratio=0.001
ERROR:root:Working on alpha=0.24 l1_ratio=0.0001
ERROR:root:Working on alpha=0.22 l1_ratio=0.99
ERROR:root:Working on alpha=0.22 l1_ratio=0.95
ERROR:root:Working on alpha=0.22 l1_ratio=0.9
ERROR:root:Working on alpha=0.22 l1_ratio=0.7
ERROR:root:Working on alpha=0.22 l1_ratio=0.5
ERROR:root:Working on alpha=0.22 l1_ratio=0.2
ERROR:root:Working on alpha=0.22 l1_ratio=0.1
ERROR:root:Working on alpha=0.22 l1_ratio=0.05
ERROR:root:Working on alpha=0.22 l1_ratio=0.01
ERROR:root:Working on alpha=0.22 l1_ratio=0.005
ERROR:root:Working on alpha=0.22 l1_ratio=0.001
ERROR:root:Working on alpha=0.22 l1_ratio=0.0001
ERROR:root:Working on alpha=0.20 l1_ratio=0.99
ERROR:root:Working on alpha=0.20 l1_ratio=0.95
ERROR:root:Working on alpha=0.20 l1_ratio=0.9
ERROR:root:Working on alpha=0.20 l1_ratio=0.7
ERROR:root:Working on alpha=0.20 l1_ratio=0.5
ERROR:root:Working on alpha=0.20 l1_ratio=0.2
ERROR:root:Working on alpha=0.20 l1_ratio=0.1
ERROR:root:Working on alpha=0.20 l1_ratio=0.05
ERROR:root:Working on alpha=0.20 l1_ratio=0.01
ERROR:root:Working on alpha=0.20 l1_ratio=0.005
ERROR:root:Working on alpha=0.20 l1_ratio=0.001
ERROR:root:Working on alpha=0.20 l1_ratio=0.0001
ERROR:root:Working on alpha=0.18 l1_ratio=0.99
ERROR:root:Working on alpha=0.18 l1_ratio=0.95
ERROR:root:Working on alpha=0.18 l1_ratio=0.9
ERROR:root:Working on alpha=0.18 l1_ratio=0.7
ERROR:root:Working on alpha=0.18 l1_ratio=0.5
ERROR:root:Working on alpha=0.18 l1_ratio=0.2
ERROR:root:Working on alpha=0.18 l1_ratio=0.1
ERROR:root:Working on alpha=0.18 l1_ratio=0.05
ERROR:root:Working on alpha=0.18 l1_ratio=0.01
ERROR:root:Working on alpha=0.18 l1_ratio=0.005
ERROR:root:Working on alpha=0.18 l1_ratio=0.001
ERROR:root:Working on alpha=0.18 l1_ratio=0.0001
ERROR:root:Working on alpha=0.17 l1_ratio=0.99
ERROR:root:Working on alpha=0.17 l1_ratio=0.95
ERROR:root:Working on alpha=0.17 l1_ratio=0.9
ERROR:root:Working on alpha=0.17 l1_ratio=0.7
ERROR:root:Working on alpha=0.17 l1_ratio=0.5
ERROR:root:Working on alpha=0.17 l1_ratio=0.2
ERROR:root:Working on alpha=0.17 l1_ratio=0.1
ERROR:root:Working on alpha=0.17 l1_ratio=0.05
ERROR:root:Working on alpha=0.17 l1_ratio=0.01
ERROR:root:Working on alpha=0.17 l1_ratio=0.005
ERROR:root:Working on alpha=0.17 l1_ratio=0.001
ERROR:root:Working on alpha=0.17 l1_ratio=0.0001
ERROR:root:Working on alpha=0.15 l1_ratio=0.99
ERROR:root:Working on alpha=0.15 l1_ratio=0.95
ERROR:root:Working on alpha=0.15 l1_ratio=0.9
ERROR:root:Working on alpha=0.15 l1_ratio=0.7
ERROR:root:Working on alpha=0.15 l1_ratio=0.5
ERROR:root:Working on alpha=0.15 l1_ratio=0.2
ERROR:root:Working on alpha=0.15 l1_ratio=0.1
ERROR:root:Working on alpha=0.15 l1_ratio=0.05
ERROR:root:Working on alpha=0.15 l1_ratio=0.01
ERROR:root:Working on alpha=0.15 l1_ratio=0.005
ERROR:root:Working on alpha=0.15 l1_ratio=0.001
ERROR:root:Working on alpha=0.15 l1_ratio=0.0001
ERROR:root:Working on alpha=0.14 l1_ratio=0.99
ERROR:root:Working on alpha=0.14 l1_ratio=0.95
ERROR:root:Working on alpha=0.14 l1_ratio=0.9
ERROR:root:Working on alpha=0.14 l1_ratio=0.7
ERROR:root:Working on alpha=0.14 l1_ratio=0.5
ERROR:root:Working on alpha=0.14 l1_ratio=0.2
ERROR:root:Working on alpha=0.14 l1_ratio=0.1
ERROR:root:Working on alpha=0.14 l1_ratio=0.05
ERROR:root:Working on alpha=0.14 l1_ratio=0.01
ERROR:root:Working on alpha=0.14 l1_ratio=0.005
ERROR:root:Working on alpha=0.14 l1_ratio=0.001
ERROR:root:Working on alpha=0.14 l1_ratio=0.0001
ERROR:root:Working on alpha=0.13 l1_ratio=0.99
ERROR:root:Working on alpha=0.13 l1_ratio=0.95
ERROR:root:Working on alpha=0.13 l1_ratio=0.9
ERROR:root:Working on alpha=0.13 l1_ratio=0.7
ERROR:root:Working on alpha=0.13 l1_ratio=0.5
ERROR:root:Working on alpha=0.13 l1_ratio=0.2
ERROR:root:Working on alpha=0.13 l1_ratio=0.1
ERROR:root:Working on alpha=0.13 l1_ratio=0.05
ERROR:root:Working on alpha=0.13 l1_ratio=0.01
ERROR:root:Working on alpha=0.13 l1_ratio=0.005
ERROR:root:Working on alpha=0.13 l1_ratio=0.001
ERROR:root:Working on alpha=0.13 l1_ratio=0.0001
ERROR:root:Working on alpha=0.11 l1_ratio=0.99
ERROR:root:Working on alpha=0.11 l1_ratio=0.95
ERROR:root:Working on alpha=0.11 l1_ratio=0.9
ERROR:root:Working on alpha=0.11 l1_ratio=0.7
ERROR:root:Working on alpha=0.11 l1_ratio=0.5
ERROR:root:Working on alpha=0.11 l1_ratio=0.2
ERROR:root:Working on alpha=0.11 l1_ratio=0.1
ERROR:root:Working on alpha=0.11 l1_ratio=0.05
ERROR:root:Working on alpha=0.11 l1_ratio=0.01
ERROR:root:Working on alpha=0.11 l1_ratio=0.005
ERROR:root:Working on alpha=0.11 l1_ratio=0.001
ERROR:root:Working on alpha=0.11 l1_ratio=0.0001
ERROR:root:Working on alpha=0.10 l1_ratio=0.99
ERROR:root:Working on alpha=0.10 l1_ratio=0.95
ERROR:root:Working on alpha=0.10 l1_ratio=0.9
ERROR:root:Working on alpha=0.10 l1_ratio=0.7
ERROR:root:Working on alpha=0.10 l1_ratio=0.5
ERROR:root:Working on alpha=0.10 l1_ratio=0.2
ERROR:root:Working on alpha=0.10 l1_ratio=0.1
ERROR:root:Working on alpha=0.10 l1_ratio=0.05
ERROR:root:Working on alpha=0.10 l1_ratio=0.01
ERROR:root:Working on alpha=0.10 l1_ratio=0.005
ERROR:root:Working on alpha=0.10 l1_ratio=0.001
ERROR:root:Working on alpha=0.10 l1_ratio=0.0001
ERROR:root:Working on alpha=0.10 l1_ratio=0.99
ERROR:root:Working on alpha=0.10 l1_ratio=0.95
ERROR:root:Working on alpha=0.10 l1_ratio=0.9
ERROR:root:Working on alpha=0.10 l1_ratio=0.7
ERROR:root:Working on alpha=0.10 l1_ratio=0.5
ERROR:root:Working on alpha=0.10 l1_ratio=0.2
ERROR:root:Working on alpha=0.10 l1_ratio=0.1
ERROR:root:Working on alpha=0.10 l1_ratio=0.05
ERROR:root:Working on alpha=0.10 l1_ratio=0.01
ERROR:root:Working on alpha=0.10 l1_ratio=0.005
ERROR:root:Working on alpha=0.10 l1_ratio=0.001
ERROR:root:Working on alpha=0.10 l1_ratio=0.0001
ERROR:root:Working on alpha=0.09 l1_ratio=0.99
ERROR:root:Working on alpha=0.09 l1_ratio=0.95
ERROR:root:Working on alpha=0.09 l1_ratio=0.9
ERROR:root:Working on alpha=0.09 l1_ratio=0.7
ERROR:root:Working on alpha=0.09 l1_ratio=0.5
ERROR:root:Working on alpha=0.09 l1_ratio=0.2
ERROR:root:Working on alpha=0.09 l1_ratio=0.1
ERROR:root:Working on alpha=0.09 l1_ratio=0.05
ERROR:root:Working on alpha=0.09 l1_ratio=0.01
ERROR:root:Working on alpha=0.09 l1_ratio=0.005
ERROR:root:Working on alpha=0.09 l1_ratio=0.001
ERROR:root:Working on alpha=0.09 l1_ratio=0.0001
ERROR:root:Working on alpha=0.08 l1_ratio=0.99
ERROR:root:Working on alpha=0.08 l1_ratio=0.95
ERROR:root:Working on alpha=0.08 l1_ratio=0.9
ERROR:root:Working on alpha=0.08 l1_ratio=0.7
ERROR:root:Working on alpha=0.08 l1_ratio=0.5
ERROR:root:Working on alpha=0.08 l1_ratio=0.2
ERROR:root:Working on alpha=0.08 l1_ratio=0.1
ERROR:root:Working on alpha=0.08 l1_ratio=0.05
ERROR:root:Working on alpha=0.08 l1_ratio=0.01
ERROR:root:Working on alpha=0.08 l1_ratio=0.005
ERROR:root:Working on alpha=0.08 l1_ratio=0.001
ERROR:root:Working on alpha=0.08 l1_ratio=0.0001
ERROR:root:Working on alpha=0.07 l1_ratio=0.99
ERROR:root:Working on alpha=0.07 l1_ratio=0.95
ERROR:root:Working on alpha=0.07 l1_ratio=0.9
ERROR:root:Working on alpha=0.07 l1_ratio=0.7
ERROR:root:Working on alpha=0.07 l1_ratio=0.5
ERROR:root:Working on alpha=0.07 l1_ratio=0.2
ERROR:root:Working on alpha=0.07 l1_ratio=0.1
ERROR:root:Working on alpha=0.07 l1_ratio=0.05
ERROR:root:Working on alpha=0.07 l1_ratio=0.01
ERROR:root:Working on alpha=0.07 l1_ratio=0.005
ERROR:root:Working on alpha=0.07 l1_ratio=0.001
ERROR:root:Working on alpha=0.07 l1_ratio=0.0001
ERROR:root:Working on alpha=0.07 l1_ratio=0.99
ERROR:root:Working on alpha=0.07 l1_ratio=0.95
ERROR:root:Working on alpha=0.07 l1_ratio=0.9
ERROR:root:Working on alpha=0.07 l1_ratio=0.7
ERROR:root:Working on alpha=0.07 l1_ratio=0.5
ERROR:root:Working on alpha=0.07 l1_ratio=0.2
ERROR:root:Working on alpha=0.07 l1_ratio=0.1
ERROR:root:Working on alpha=0.07 l1_ratio=0.05
ERROR:root:Working on alpha=0.07 l1_ratio=0.01
ERROR:root:Working on alpha=0.07 l1_ratio=0.005
ERROR:root:Working on alpha=0.07 l1_ratio=0.001
ERROR:root:Working on alpha=0.07 l1_ratio=0.0001
ERROR:root:Working on alpha=0.06 l1_ratio=0.99
ERROR:root:Working on alpha=0.06 l1_ratio=0.95
ERROR:root:Working on alpha=0.06 l1_ratio=0.9
ERROR:root:Working on alpha=0.06 l1_ratio=0.7
ERROR:root:Working on alpha=0.06 l1_ratio=0.5
ERROR:root:Working on alpha=0.06 l1_ratio=0.2
ERROR:root:Working on alpha=0.06 l1_ratio=0.1
ERROR:root:Working on alpha=0.06 l1_ratio=0.05
ERROR:root:Working on alpha=0.06 l1_ratio=0.01
ERROR:root:Working on alpha=0.06 l1_ratio=0.005
ERROR:root:Working on alpha=0.06 l1_ratio=0.001
ERROR:root:Working on alpha=0.06 l1_ratio=0.0001
ERROR:root:Working on alpha=0.05 l1_ratio=0.99
ERROR:root:Working on alpha=0.05 l1_ratio=0.95
ERROR:root:Working on alpha=0.05 l1_ratio=0.9
ERROR:root:Working on alpha=0.05 l1_ratio=0.7
ERROR:root:Working on alpha=0.05 l1_ratio=0.5
ERROR:root:Working on alpha=0.05 l1_ratio=0.2
ERROR:root:Working on alpha=0.05 l1_ratio=0.1
ERROR:root:Working on alpha=0.05 l1_ratio=0.05
ERROR:root:Working on alpha=0.05 l1_ratio=0.01
ERROR:root:Working on alpha=0.05 l1_ratio=0.005
ERROR:root:Working on alpha=0.05 l1_ratio=0.001
ERROR:root:Working on alpha=0.05 l1_ratio=0.0001
ERROR:root:Working on alpha=0.05 l1_ratio=0.99
ERROR:root:Working on alpha=0.05 l1_ratio=0.95
ERROR:root:Working on alpha=0.05 l1_ratio=0.9
ERROR:root:Working on alpha=0.05 l1_ratio=0.7
ERROR:root:Working on alpha=0.05 l1_ratio=0.5
ERROR:root:Working on alpha=0.05 l1_ratio=0.2
ERROR:root:Working on alpha=0.05 l1_ratio=0.1
ERROR:root:Working on alpha=0.05 l1_ratio=0.05
ERROR:root:Working on alpha=0.05 l1_ratio=0.01
ERROR:root:Working on alpha=0.05 l1_ratio=0.005
ERROR:root:Working on alpha=0.05 l1_ratio=0.001
ERROR:root:Working on alpha=0.05 l1_ratio=0.0001
ERROR:root:Working on alpha=0.05 l1_ratio=0.99
ERROR:root:Working on alpha=0.05 l1_ratio=0.95
ERROR:root:Working on alpha=0.05 l1_ratio=0.9
ERROR:root:Working on alpha=0.05 l1_ratio=0.7
ERROR:root:Working on alpha=0.05 l1_ratio=0.5
ERROR:root:Working on alpha=0.05 l1_ratio=0.2
ERROR:root:Working on alpha=0.05 l1_ratio=0.1
ERROR:root:Working on alpha=0.05 l1_ratio=0.05
ERROR:root:Working on alpha=0.05 l1_ratio=0.01
ERROR:root:Working on alpha=0.05 l1_ratio=0.005
ERROR:root:Working on alpha=0.05 l1_ratio=0.001
ERROR:root:Working on alpha=0.05 l1_ratio=0.0001
ERROR:root:Working on alpha=0.04 l1_ratio=0.99
ERROR:root:Working on alpha=0.04 l1_ratio=0.95
ERROR:root:Working on alpha=0.04 l1_ratio=0.9
ERROR:root:Working on alpha=0.04 l1_ratio=0.7
ERROR:root:Working on alpha=0.04 l1_ratio=0.5
ERROR:root:Working on alpha=0.04 l1_ratio=0.2
ERROR:root:Working on alpha=0.04 l1_ratio=0.1
ERROR:root:Working on alpha=0.04 l1_ratio=0.05
ERROR:root:Working on alpha=0.04 l1_ratio=0.01
ERROR:root:Working on alpha=0.04 l1_ratio=0.005
ERROR:root:Working on alpha=0.04 l1_ratio=0.001
ERROR:root:Working on alpha=0.04 l1_ratio=0.0001
ERROR:root:Working on alpha=0.04 l1_ratio=0.99
ERROR:root:Working on alpha=0.04 l1_ratio=0.95
ERROR:root:Working on alpha=0.04 l1_ratio=0.9
ERROR:root:Working on alpha=0.04 l1_ratio=0.7
ERROR:root:Working on alpha=0.04 l1_ratio=0.5
ERROR:root:Working on alpha=0.04 l1_ratio=0.2
ERROR:root:Working on alpha=0.04 l1_ratio=0.1
ERROR:root:Working on alpha=0.04 l1_ratio=0.05
ERROR:root:Working on alpha=0.04 l1_ratio=0.01
ERROR:root:Working on alpha=0.04 l1_ratio=0.005
ERROR:root:Working on alpha=0.04 l1_ratio=0.001
ERROR:root:Working on alpha=0.04 l1_ratio=0.0001
ERROR:root:Working on alpha=0.03 l1_ratio=0.99
ERROR:root:Working on alpha=0.03 l1_ratio=0.95
ERROR:root:Working on alpha=0.03 l1_ratio=0.9
ERROR:root:Working on alpha=0.03 l1_ratio=0.7
ERROR:root:Working on alpha=0.03 l1_ratio=0.5
ERROR:root:Working on alpha=0.03 l1_ratio=0.2
ERROR:root:Working on alpha=0.03 l1_ratio=0.1
ERROR:root:Working on alpha=0.03 l1_ratio=0.05
ERROR:root:Working on alpha=0.03 l1_ratio=0.01
ERROR:root:Working on alpha=0.03 l1_ratio=0.005
ERROR:root:Working on alpha=0.03 l1_ratio=0.001
ERROR:root:Working on alpha=0.03 l1_ratio=0.0001
ERROR:root:Working on alpha=0.03 l1_ratio=0.99
ERROR:root:Working on alpha=0.03 l1_ratio=0.95
ERROR:root:Working on alpha=0.03 l1_ratio=0.9
ERROR:root:Working on alpha=0.03 l1_ratio=0.7
ERROR:root:Working on alpha=0.03 l1_ratio=0.5
ERROR:root:Working on alpha=0.03 l1_ratio=0.2
ERROR:root:Working on alpha=0.03 l1_ratio=0.1
ERROR:root:Working on alpha=0.03 l1_ratio=0.05
ERROR:root:Working on alpha=0.03 l1_ratio=0.01
ERROR:root:Working on alpha=0.03 l1_ratio=0.005
ERROR:root:Working on alpha=0.03 l1_ratio=0.001
ERROR:root:Working on alpha=0.03 l1_ratio=0.0001
ERROR:root:Working on alpha=0.03 l1_ratio=0.99
ERROR:root:Working on alpha=0.03 l1_ratio=0.95
ERROR:root:Working on alpha=0.03 l1_ratio=0.9
ERROR:root:Working on alpha=0.03 l1_ratio=0.7
ERROR:root:Working on alpha=0.03 l1_ratio=0.5
ERROR:root:Working on alpha=0.03 l1_ratio=0.2
ERROR:root:Working on alpha=0.03 l1_ratio=0.1
ERROR:root:Working on alpha=0.03 l1_ratio=0.05
ERROR:root:Working on alpha=0.03 l1_ratio=0.01
ERROR:root:Working on alpha=0.03 l1_ratio=0.005
ERROR:root:Working on alpha=0.03 l1_ratio=0.001
ERROR:root:Working on alpha=0.03 l1_ratio=0.0001
ERROR:root:Working on alpha=0.03 l1_ratio=0.99
ERROR:root:Working on alpha=0.03 l1_ratio=0.95
ERROR:root:Working on alpha=0.03 l1_ratio=0.9
ERROR:root:Working on alpha=0.03 l1_ratio=0.7
ERROR:root:Working on alpha=0.03 l1_ratio=0.5
ERROR:root:Working on alpha=0.03 l1_ratio=0.2
ERROR:root:Working on alpha=0.03 l1_ratio=0.1
ERROR:root:Working on alpha=0.03 l1_ratio=0.05
ERROR:root:Working on alpha=0.03 l1_ratio=0.01
ERROR:root:Working on alpha=0.03 l1_ratio=0.005
ERROR:root:Working on alpha=0.03 l1_ratio=0.001
ERROR:root:Working on alpha=0.03 l1_ratio=0.0001
ERROR:root:Working on alpha=0.02 l1_ratio=0.99
ERROR:root:Working on alpha=0.02 l1_ratio=0.95
ERROR:root:Working on alpha=0.02 l1_ratio=0.9
ERROR:root:Working on alpha=0.02 l1_ratio=0.7
ERROR:root:Working on alpha=0.02 l1_ratio=0.5
ERROR:root:Working on alpha=0.02 l1_ratio=0.2
ERROR:root:Working on alpha=0.02 l1_ratio=0.1
ERROR:root:Working on alpha=0.02 l1_ratio=0.05
ERROR:root:Working on alpha=0.02 l1_ratio=0.01
ERROR:root:Working on alpha=0.02 l1_ratio=0.005
ERROR:root:Working on alpha=0.02 l1_ratio=0.001
ERROR:root:Working on alpha=0.02 l1_ratio=0.0001
ERROR:root:Working on alpha=0.02 l1_ratio=0.99
ERROR:root:Working on alpha=0.02 l1_ratio=0.95
ERROR:root:Working on alpha=0.02 l1_ratio=0.9
ERROR:root:Working on alpha=0.02 l1_ratio=0.7
ERROR:root:Working on alpha=0.02 l1_ratio=0.5
ERROR:root:Working on alpha=0.02 l1_ratio=0.2
ERROR:root:Working on alpha=0.02 l1_ratio=0.1
ERROR:root:Working on alpha=0.02 l1_ratio=0.05
ERROR:root:Working on alpha=0.02 l1_ratio=0.01
ERROR:root:Working on alpha=0.02 l1_ratio=0.005
ERROR:root:Working on alpha=0.02 l1_ratio=0.001
ERROR:root:Working on alpha=0.02 l1_ratio=0.0001
ERROR:root:Working on alpha=0.02 l1_ratio=0.99
ERROR:root:Working on alpha=0.02 l1_ratio=0.95
ERROR:root:Working on alpha=0.02 l1_ratio=0.9
ERROR:root:Working on alpha=0.02 l1_ratio=0.7
ERROR:root:Working on alpha=0.02 l1_ratio=0.5
ERROR:root:Working on alpha=0.02 l1_ratio=0.2
ERROR:root:Working on alpha=0.02 l1_ratio=0.1
ERROR:root:Working on alpha=0.02 l1_ratio=0.05
ERROR:root:Working on alpha=0.02 l1_ratio=0.01
ERROR:root:Working on alpha=0.02 l1_ratio=0.005
ERROR:root:Working on alpha=0.02 l1_ratio=0.001
ERROR:root:Working on alpha=0.02 l1_ratio=0.0001
ERROR:root:Working on alpha=0.02 l1_ratio=0.99
ERROR:root:Working on alpha=0.02 l1_ratio=0.95
ERROR:root:Working on alpha=0.02 l1_ratio=0.9
ERROR:root:Working on alpha=0.02 l1_ratio=0.7
ERROR:root:Working on alpha=0.02 l1_ratio=0.5
ERROR:root:Working on alpha=0.02 l1_ratio=0.2
ERROR:root:Working on alpha=0.02 l1_ratio=0.1
ERROR:root:Working on alpha=0.02 l1_ratio=0.05
ERROR:root:Working on alpha=0.02 l1_ratio=0.01
ERROR:root:Working on alpha=0.02 l1_ratio=0.005
ERROR:root:Working on alpha=0.02 l1_ratio=0.001
ERROR:root:Working on alpha=0.02 l1_ratio=0.0001
ERROR:root:Working on alpha=0.02 l1_ratio=0.99
ERROR:root:Working on alpha=0.02 l1_ratio=0.95
ERROR:root:Working on alpha=0.02 l1_ratio=0.9
ERROR:root:Working on alpha=0.02 l1_ratio=0.7
ERROR:root:Working on alpha=0.02 l1_ratio=0.5
ERROR:root:Working on alpha=0.02 l1_ratio=0.2
ERROR:root:Working on alpha=0.02 l1_ratio=0.1
ERROR:root:Working on alpha=0.02 l1_ratio=0.05
ERROR:root:Working on alpha=0.02 l1_ratio=0.01
ERROR:root:Working on alpha=0.02 l1_ratio=0.005
ERROR:root:Working on alpha=0.02 l1_ratio=0.001
ERROR:root:Working on alpha=0.02 l1_ratio=0.0001
ERROR:root:Working on alpha=0.01 l1_ratio=0.99
ERROR:root:Working on alpha=0.01 l1_ratio=0.95
ERROR:root:Working on alpha=0.01 l1_ratio=0.9
ERROR:root:Working on alpha=0.01 l1_ratio=0.7
ERROR:root:Working on alpha=0.01 l1_ratio=0.5
ERROR:root:Working on alpha=0.01 l1_ratio=0.2
ERROR:root:Working on alpha=0.01 l1_ratio=0.1
ERROR:root:Working on alpha=0.01 l1_ratio=0.05
ERROR:root:Working on alpha=0.01 l1_ratio=0.01
ERROR:root:Working on alpha=0.01 l1_ratio=0.005
ERROR:root:Working on alpha=0.01 l1_ratio=0.001
ERROR:root:Working on alpha=0.01 l1_ratio=0.0001
ERROR:root:Working on alpha=0.01 l1_ratio=0.99
ERROR:root:Working on alpha=0.01 l1_ratio=0.95
ERROR:root:Working on alpha=0.01 l1_ratio=0.9
ERROR:root:Working on alpha=0.01 l1_ratio=0.7
ERROR:root:Working on alpha=0.01 l1_ratio=0.5
ERROR:root:Working on alpha=0.01 l1_ratio=0.2
ERROR:root:Working on alpha=0.01 l1_ratio=0.1
ERROR:root:Working on alpha=0.01 l1_ratio=0.05
ERROR:root:Working on alpha=0.01 l1_ratio=0.01
ERROR:root:Working on alpha=0.01 l1_ratio=0.005
ERROR:root:Working on alpha=0.01 l1_ratio=0.001
ERROR:root:Working on alpha=0.01 l1_ratio=0.0001
ERROR:root:Working on alpha=0.01 l1_ratio=0.99
ERROR:root:Working on alpha=0.01 l1_ratio=0.95
ERROR:root:Working on alpha=0.01 l1_ratio=0.9
ERROR:root:Working on alpha=0.01 l1_ratio=0.7
ERROR:root:Working on alpha=0.01 l1_ratio=0.5
ERROR:root:Working on alpha=0.01 l1_ratio=0.2
ERROR:root:Working on alpha=0.01 l1_ratio=0.1
ERROR:root:Working on alpha=0.01 l1_ratio=0.05
ERROR:root:Working on alpha=0.01 l1_ratio=0.01
ERROR:root:Working on alpha=0.01 l1_ratio=0.005
ERROR:root:Working on alpha=0.01 l1_ratio=0.001
ERROR:root:Working on alpha=0.01 l1_ratio=0.0001
ERROR:root:Working on alpha=0.01 l1_ratio=0.99
ERROR:root:Working on alpha=0.01 l1_ratio=0.95
ERROR:root:Working on alpha=0.01 l1_ratio=0.9
ERROR:root:Working on alpha=0.01 l1_ratio=0.7
ERROR:root:Working on alpha=0.01 l1_ratio=0.5
ERROR:root:Working on alpha=0.01 l1_ratio=0.2
ERROR:root:Working on alpha=0.01 l1_ratio=0.1
ERROR:root:Working on alpha=0.01 l1_ratio=0.05
ERROR:root:Working on alpha=0.01 l1_ratio=0.01
ERROR:root:Working on alpha=0.01 l1_ratio=0.005
ERROR:root:Working on alpha=0.01 l1_ratio=0.001
ERROR:root:Working on alpha=0.01 l1_ratio=0.0001
ERROR:root:Working on alpha=0.01 l1_ratio=0.99
ERROR:root:Working on alpha=0.01 l1_ratio=0.95
ERROR:root:Working on alpha=0.01 l1_ratio=0.9
ERROR:root:Working on alpha=0.01 l1_ratio=0.7
ERROR:root:Working on alpha=0.01 l1_ratio=0.5
ERROR:root:Working on alpha=0.01 l1_ratio=0.2
ERROR:root:Working on alpha=0.01 l1_ratio=0.1
ERROR:root:Working on alpha=0.01 l1_ratio=0.05
ERROR:root:Working on alpha=0.01 l1_ratio=0.01
ERROR:root:Working on alpha=0.01 l1_ratio=0.005
ERROR:root:Working on alpha=0.01 l1_ratio=0.001
ERROR:root:Working on alpha=0.01 l1_ratio=0.0001
ERROR:root:Working on alpha=0.01 l1_ratio=0.99
ERROR:root:Working on alpha=0.01 l1_ratio=0.95
ERROR:root:Working on alpha=0.01 l1_ratio=0.9
ERROR:root:Working on alpha=0.01 l1_ratio=0.7
ERROR:root:Working on alpha=0.01 l1_ratio=0.5
ERROR:root:Working on alpha=0.01 l1_ratio=0.2
ERROR:root:Working on alpha=0.01 l1_ratio=0.1
ERROR:root:Working on alpha=0.01 l1_ratio=0.05
ERROR:root:Working on alpha=0.01 l1_ratio=0.01
ERROR:root:Working on alpha=0.01 l1_ratio=0.005
ERROR:root:Working on alpha=0.01 l1_ratio=0.001
ERROR:root:Working on alpha=0.01 l1_ratio=0.0001
ERROR:root:Working on alpha=0.01 l1_ratio=0.99
ERROR:root:Working on alpha=0.01 l1_ratio=0.95
ERROR:root:Working on alpha=0.01 l1_ratio=0.9
ERROR:root:Working on alpha=0.01 l1_ratio=0.7
ERROR:root:Working on alpha=0.01 l1_ratio=0.5
ERROR:root:Working on alpha=0.01 l1_ratio=0.2
ERROR:root:Working on alpha=0.01 l1_ratio=0.1
ERROR:root:Working on alpha=0.01 l1_ratio=0.05
ERROR:root:Working on alpha=0.01 l1_ratio=0.01
ERROR:root:Working on alpha=0.01 l1_ratio=0.005
ERROR:root:Working on alpha=0.01 l1_ratio=0.001
ERROR:root:Working on alpha=0.01 l1_ratio=0.0001
ERROR:root:Working on alpha=0.01 l1_ratio=0.99
ERROR:root:Working on alpha=0.01 l1_ratio=0.95
ERROR:root:Working on alpha=0.01 l1_ratio=0.9
ERROR:root:Working on alpha=0.01 l1_ratio=0.7
ERROR:root:Working on alpha=0.01 l1_ratio=0.5
ERROR:root:Working on alpha=0.01 l1_ratio=0.2
ERROR:root:Working on alpha=0.01 l1_ratio=0.1
ERROR:root:Working on alpha=0.01 l1_ratio=0.05
ERROR:root:Working on alpha=0.01 l1_ratio=0.01
ERROR:root:Working on alpha=0.01 l1_ratio=0.005
ERROR:root:Working on alpha=0.01 l1_ratio=0.001
ERROR:root:Working on alpha=0.01 l1_ratio=0.0001
ERROR:root:Working on alpha=0.01 l1_ratio=0.99
ERROR:root:Working on alpha=0.01 l1_ratio=0.95
ERROR:root:Working on alpha=0.01 l1_ratio=0.9
ERROR:root:Working on alpha=0.01 l1_ratio=0.7
ERROR:root:Working on alpha=0.01 l1_ratio=0.5
ERROR:root:Working on alpha=0.01 l1_ratio=0.2
ERROR:root:Working on alpha=0.01 l1_ratio=0.1
ERROR:root:Working on alpha=0.01 l1_ratio=0.05
ERROR:root:Working on alpha=0.01 l1_ratio=0.01
ERROR:root:Working on alpha=0.01 l1_ratio=0.005
ERROR:root:Working on alpha=0.01 l1_ratio=0.001
ERROR:root:Working on alpha=0.01 l1_ratio=0.0001
ERROR:root:Working on alpha=0.01 l1_ratio=0.99
ERROR:root:Working on alpha=0.01 l1_ratio=0.95
ERROR:root:Working on alpha=0.01 l1_ratio=0.9
ERROR:root:Working on alpha=0.01 l1_ratio=0.7
ERROR:root:Working on alpha=0.01 l1_ratio=0.5
ERROR:root:Working on alpha=0.01 l1_ratio=0.2
ERROR:root:Working on alpha=0.01 l1_ratio=0.1
ERROR:root:Working on alpha=0.01 l1_ratio=0.05
ERROR:root:Working on alpha=0.01 l1_ratio=0.01
ERROR:root:Working on alpha=0.01 l1_ratio=0.005
ERROR:root:Working on alpha=0.01 l1_ratio=0.001
ERROR:root:Working on alpha=0.01 l1_ratio=0.0001
ERROR:root:Working on alpha=0.01 l1_ratio=0.99
ERROR:root:Working on alpha=0.01 l1_ratio=0.95
ERROR:root:Working on alpha=0.01 l1_ratio=0.9
ERROR:root:Working on alpha=0.01 l1_ratio=0.7
ERROR:root:Working on alpha=0.01 l1_ratio=0.5
ERROR:root:Working on alpha=0.01 l1_ratio=0.2
ERROR:root:Working on alpha=0.01 l1_ratio=0.1
ERROR:root:Working on alpha=0.01 l1_ratio=0.05
ERROR:root:Working on alpha=0.01 l1_ratio=0.01
ERROR:root:Working on alpha=0.01 l1_ratio=0.005
ERROR:root:Working on alpha=0.01 l1_ratio=0.001
ERROR:root:Working on alpha=0.01 l1_ratio=0.0001
ERROR:root:Working on alpha=0.01 l1_ratio=0.99
ERROR:root:Working on alpha=0.01 l1_ratio=0.95
ERROR:root:Working on alpha=0.01 l1_ratio=0.9
ERROR:root:Working on alpha=0.01 l1_ratio=0.7
ERROR:root:Working on alpha=0.01 l1_ratio=0.5
ERROR:root:Working on alpha=0.01 l1_ratio=0.2
ERROR:root:Working on alpha=0.01 l1_ratio=0.1
ERROR:root:Working on alpha=0.01 l1_ratio=0.05
ERROR:root:Working on alpha=0.01 l1_ratio=0.01
ERROR:root:Working on alpha=0.01 l1_ratio=0.005
ERROR:root:Working on alpha=0.01 l1_ratio=0.001
ERROR:root:Working on alpha=0.01 l1_ratio=0.0001
ERROR:root:Working on alpha=0.00 l1_ratio=0.99
ERROR:root:Working on alpha=0.00 l1_ratio=0.95
ERROR:root:Working on alpha=0.00 l1_ratio=0.9
ERROR:root:Working on alpha=0.00 l1_ratio=0.7
ERROR:root:Working on alpha=0.00 l1_ratio=0.5
ERROR:root:Working on alpha=0.00 l1_ratio=0.2
ERROR:root:Working on alpha=0.00 l1_ratio=0.1
ERROR:root:Working on alpha=0.00 l1_ratio=0.05
ERROR:root:Working on alpha=0.00 l1_ratio=0.01
ERROR:root:Working on alpha=0.00 l1_ratio=0.005
ERROR:root:Working on alpha=0.00 l1_ratio=0.001
ERROR:root:Working on alpha=0.00 l1_ratio=0.0001
ERROR:root:Working on alpha=0.00 l1_ratio=0.99
ERROR:root:Working on alpha=0.00 l1_ratio=0.95
ERROR:root:Working on alpha=0.00 l1_ratio=0.9
ERROR:root:Working on alpha=0.00 l1_ratio=0.7
ERROR:root:Working on alpha=0.00 l1_ratio=0.5
ERROR:root:Working on alpha=0.00 l1_ratio=0.2
ERROR:root:Working on alpha=0.00 l1_ratio=0.1
ERROR:root:Working on alpha=0.00 l1_ratio=0.05
ERROR:root:Working on alpha=0.00 l1_ratio=0.01
ERROR:root:Working on alpha=0.00 l1_ratio=0.005
ERROR:root:Working on alpha=0.00 l1_ratio=0.001
ERROR:root:Working on alpha=0.00 l1_ratio=0.0001
ERROR:root:Working on alpha=0.00 l1_ratio=0.99
ERROR:root:Working on alpha=0.00 l1_ratio=0.95
ERROR:root:Working on alpha=0.00 l1_ratio=0.9
ERROR:root:Working on alpha=0.00 l1_ratio=0.7
ERROR:root:Working on alpha=0.00 l1_ratio=0.5
ERROR:root:Working on alpha=0.00 l1_ratio=0.2
ERROR:root:Working on alpha=0.00 l1_ratio=0.1
ERROR:root:Working on alpha=0.00 l1_ratio=0.05
ERROR:root:Working on alpha=0.00 l1_ratio=0.01
ERROR:root:Working on alpha=0.00 l1_ratio=0.005
ERROR:root:Working on alpha=0.00 l1_ratio=0.001
ERROR:root:Working on alpha=0.00 l1_ratio=0.0001
ERROR:root:Working on alpha=0.00 l1_ratio=0.99
ERROR:root:Working on alpha=0.00 l1_ratio=0.95
ERROR:root:Working on alpha=0.00 l1_ratio=0.9
ERROR:root:Working on alpha=0.00 l1_ratio=0.7
ERROR:root:Working on alpha=0.00 l1_ratio=0.5
ERROR:root:Working on alpha=0.00 l1_ratio=0.2
ERROR:root:Working on alpha=0.00 l1_ratio=0.1
ERROR:root:Working on alpha=0.00 l1_ratio=0.05
ERROR:root:Working on alpha=0.00 l1_ratio=0.01
ERROR:root:Working on alpha=0.00 l1_ratio=0.005
ERROR:root:Working on alpha=0.00 l1_ratio=0.001
ERROR:root:Working on alpha=0.00 l1_ratio=0.0001
ERROR:root:Working on alpha=0.00 l1_ratio=0.99
ERROR:root:Working on alpha=0.00 l1_ratio=0.95
ERROR:root:Working on alpha=0.00 l1_ratio=0.9
ERROR:root:Working on alpha=0.00 l1_ratio=0.7
ERROR:root:Working on alpha=0.00 l1_ratio=0.5
ERROR:root:Working on alpha=0.00 l1_ratio=0.2
ERROR:root:Working on alpha=0.00 l1_ratio=0.1
ERROR:root:Working on alpha=0.00 l1_ratio=0.05
ERROR:root:Working on alpha=0.00 l1_ratio=0.01
ERROR:root:Working on alpha=0.00 l1_ratio=0.005
ERROR:root:Working on alpha=0.00 l1_ratio=0.001
ERROR:root:Working on alpha=0.00 l1_ratio=0.0001
ERROR:root:Working on alpha=0.00 l1_ratio=0.99
ERROR:root:Working on alpha=0.00 l1_ratio=0.95
ERROR:root:Working on alpha=0.00 l1_ratio=0.9
ERROR:root:Working on alpha=0.00 l1_ratio=0.7
ERROR:root:Working on alpha=0.00 l1_ratio=0.5
ERROR:root:Working on alpha=0.00 l1_ratio=0.2
ERROR:root:Working on alpha=0.00 l1_ratio=0.1
ERROR:root:Working on alpha=0.00 l1_ratio=0.05
ERROR:root:Working on alpha=0.00 l1_ratio=0.01
ERROR:root:Working on alpha=0.00 l1_ratio=0.005
ERROR:root:Working on alpha=0.00 l1_ratio=0.001
ERROR:root:Working on alpha=0.00 l1_ratio=0.0001
ERROR:root:Working on alpha=0.00 l1_ratio=0.99
ERROR:root:Working on alpha=0.00 l1_ratio=0.95
ERROR:root:Working on alpha=0.00 l1_ratio=0.9
ERROR:root:Working on alpha=0.00 l1_ratio=0.7
ERROR:root:Working on alpha=0.00 l1_ratio=0.5
ERROR:root:Working on alpha=0.00 l1_ratio=0.2
ERROR:root:Working on alpha=0.00 l1_ratio=0.1
ERROR:root:Working on alpha=0.00 l1_ratio=0.05
ERROR:root:Working on alpha=0.00 l1_ratio=0.01
ERROR:root:Working on alpha=0.00 l1_ratio=0.005
ERROR:root:Working on alpha=0.00 l1_ratio=0.001
ERROR:root:Working on alpha=0.00 l1_ratio=0.0001
ERROR:root:Working on alpha=0.00 l1_ratio=0.99
ERROR:root:Working on alpha=0.00 l1_ratio=0.95
ERROR:root:Working on alpha=0.00 l1_ratio=0.9
ERROR:root:Working on alpha=0.00 l1_ratio=0.7
ERROR:root:Working on alpha=0.00 l1_ratio=0.5
ERROR:root:Working on alpha=0.00 l1_ratio=0.2
ERROR:root:Working on alpha=0.00 l1_ratio=0.1
ERROR:root:Working on alpha=0.00 l1_ratio=0.05
ERROR:root:Working on alpha=0.00 l1_ratio=0.01
ERROR:root:Working on alpha=0.00 l1_ratio=0.005
ERROR:root:Working on alpha=0.00 l1_ratio=0.001
ERROR:root:Working on alpha=0.00 l1_ratio=0.0001
ERROR:root:Working on alpha=0.00 l1_ratio=0.99
ERROR:root:Working on alpha=0.00 l1_ratio=0.95
ERROR:root:Working on alpha=0.00 l1_ratio=0.9
ERROR:root:Working on alpha=0.00 l1_ratio=0.7
ERROR:root:Working on alpha=0.00 l1_ratio=0.5
ERROR:root:Working on alpha=0.00 l1_ratio=0.2
ERROR:root:Working on alpha=0.00 l1_ratio=0.1
ERROR:root:Working on alpha=0.00 l1_ratio=0.05
ERROR:root:Working on alpha=0.00 l1_ratio=0.01
ERROR:root:Working on alpha=0.00 l1_ratio=0.005
ERROR:root:Working on alpha=0.00 l1_ratio=0.001
ERROR:root:Working on alpha=0.00 l1_ratio=0.0001
ERROR:root:Working on alpha=0.00 l1_ratio=0.99
ERROR:root:Working on alpha=0.00 l1_ratio=0.95
ERROR:root:Working on alpha=0.00 l1_ratio=0.9
ERROR:root:Working on alpha=0.00 l1_ratio=0.7
ERROR:root:Working on alpha=0.00 l1_ratio=0.5
ERROR:root:Working on alpha=0.00 l1_ratio=0.2
ERROR:root:Working on alpha=0.00 l1_ratio=0.1
ERROR:root:Working on alpha=0.00 l1_ratio=0.05
ERROR:root:Working on alpha=0.00 l1_ratio=0.01
ERROR:root:Working on alpha=0.00 l1_ratio=0.005
ERROR:root:Working on alpha=0.00 l1_ratio=0.001
ERROR:root:Working on alpha=0.00 l1_ratio=0.0001
ERROR:root:Working on alpha=0.00 l1_ratio=0.99
ERROR:root:Working on alpha=0.00 l1_ratio=0.95
ERROR:root:Working on alpha=0.00 l1_ratio=0.9
ERROR:root:Working on alpha=0.00 l1_ratio=0.7
ERROR:root:Working on alpha=0.00 l1_ratio=0.5
ERROR:root:Working on alpha=0.00 l1_ratio=0.2
ERROR:root:Working on alpha=0.00 l1_ratio=0.1
ERROR:root:Working on alpha=0.00 l1_ratio=0.05
ERROR:root:Working on alpha=0.00 l1_ratio=0.01
ERROR:root:Working on alpha=0.00 l1_ratio=0.005
ERROR:root:Working on alpha=0.00 l1_ratio=0.001
ERROR:root:Working on alpha=0.00 l1_ratio=0.0001
ERROR:root:Working on alpha=0.00 l1_ratio=0.99
ERROR:root:Working on alpha=0.00 l1_ratio=0.95
ERROR:root:Working on alpha=0.00 l1_ratio=0.9
ERROR:root:Working on alpha=0.00 l1_ratio=0.7
ERROR:root:Working on alpha=0.00 l1_ratio=0.5
ERROR:root:Working on alpha=0.00 l1_ratio=0.2
ERROR:root:Working on alpha=0.00 l1_ratio=0.1
ERROR:root:Working on alpha=0.00 l1_ratio=0.05
ERROR:root:Working on alpha=0.00 l1_ratio=0.01
ERROR:root:Working on alpha=0.00 l1_ratio=0.005
ERROR:root:Working on alpha=0.00 l1_ratio=0.001
ERROR:root:Working on alpha=0.00 l1_ratio=0.0001
ERROR:root:Working on alpha=0.00 l1_ratio=0.99
ERROR:root:Working on alpha=0.00 l1_ratio=0.95
ERROR:root:Working on alpha=0.00 l1_ratio=0.9
ERROR:root:Working on alpha=0.00 l1_ratio=0.7
ERROR:root:Working on alpha=0.00 l1_ratio=0.5
ERROR:root:Working on alpha=0.00 l1_ratio=0.2
ERROR:root:Working on alpha=0.00 l1_ratio=0.1
ERROR:root:Working on alpha=0.00 l1_ratio=0.05
ERROR:root:Working on alpha=0.00 l1_ratio=0.01
ERROR:root:Working on alpha=0.00 l1_ratio=0.005
ERROR:root:Working on alpha=0.00 l1_ratio=0.001
ERROR:root:Working on alpha=0.00 l1_ratio=0.0001
ERROR:root:Working on alpha=0.00 l1_ratio=0.99
ERROR:root:Working on alpha=0.00 l1_ratio=0.95
ERROR:root:Working on alpha=0.00 l1_ratio=0.9
ERROR:root:Working on alpha=0.00 l1_ratio=0.7
ERROR:root:Working on alpha=0.00 l1_ratio=0.5
ERROR:root:Working on alpha=0.00 l1_ratio=0.2
ERROR:root:Working on alpha=0.00 l1_ratio=0.1
ERROR:root:Working on alpha=0.00 l1_ratio=0.05
ERROR:root:Working on alpha=0.00 l1_ratio=0.01
ERROR:root:Working on alpha=0.00 l1_ratio=0.005
ERROR:root:Working on alpha=0.00 l1_ratio=0.001
ERROR:root:Working on alpha=0.00 l1_ratio=0.0001
ERROR:root:Working on alpha=0.00 l1_ratio=0.99
ERROR:root:Working on alpha=0.00 l1_ratio=0.95
ERROR:root:Working on alpha=0.00 l1_ratio=0.9
ERROR:root:Working on alpha=0.00 l1_ratio=0.7
ERROR:root:Working on alpha=0.00 l1_ratio=0.5
ERROR:root:Working on alpha=0.00 l1_ratio=0.2
ERROR:root:Working on alpha=0.00 l1_ratio=0.1
ERROR:root:Working on alpha=0.00 l1_ratio=0.05
ERROR:root:Working on alpha=0.00 l1_ratio=0.01
ERROR:root:Working on alpha=0.00 l1_ratio=0.005
ERROR:root:Working on alpha=0.00 l1_ratio=0.001
ERROR:root:Working on alpha=0.00 l1_ratio=0.0001
ERROR:root:Working on alpha=0.00 l1_ratio=0.99
ERROR:root:Working on alpha=0.00 l1_ratio=0.95
ERROR:root:Working on alpha=0.00 l1_ratio=0.9
ERROR:root:Working on alpha=0.00 l1_ratio=0.7
ERROR:root:Working on alpha=0.00 l1_ratio=0.5
ERROR:root:Working on alpha=0.00 l1_ratio=0.2
ERROR:root:Working on alpha=0.00 l1_ratio=0.1
ERROR:root:Working on alpha=0.00 l1_ratio=0.05
ERROR:root:Working on alpha=0.00 l1_ratio=0.01
ERROR:root:Working on alpha=0.00 l1_ratio=0.005
ERROR:root:Working on alpha=0.00 l1_ratio=0.001
ERROR:root:Working on alpha=0.00 l1_ratio=0.0001
ERROR:root:Working on alpha=0.00 l1_ratio=0.99
ERROR:root:Working on alpha=0.00 l1_ratio=0.95
ERROR:root:Working on alpha=0.00 l1_ratio=0.9
ERROR:root:Working on alpha=0.00 l1_ratio=0.7
ERROR:root:Working on alpha=0.00 l1_ratio=0.5
ERROR:root:Working on alpha=0.00 l1_ratio=0.2
ERROR:root:Working on alpha=0.00 l1_ratio=0.1
ERROR:root:Working on alpha=0.00 l1_ratio=0.05
ERROR:root:Working on alpha=0.00 l1_ratio=0.01
ERROR:root:Working on alpha=0.00 l1_ratio=0.005
ERROR:root:Working on alpha=0.00 l1_ratio=0.001
ERROR:root:Working on alpha=0.00 l1_ratio=0.0001
ERROR:root:Working on alpha=0.00 l1_ratio=0.99
ERROR:root:Working on alpha=0.00 l1_ratio=0.95
ERROR:root:Working on alpha=0.00 l1_ratio=0.9
ERROR:root:Working on alpha=0.00 l1_ratio=0.7
ERROR:root:Working on alpha=0.00 l1_ratio=0.5
ERROR:root:Working on alpha=0.00 l1_ratio=0.2
ERROR:root:Working on alpha=0.00 l1_ratio=0.1
ERROR:root:Working on alpha=0.00 l1_ratio=0.05
ERROR:root:Working on alpha=0.00 l1_ratio=0.01
ERROR:root:Working on alpha=0.00 l1_ratio=0.005
ERROR:root:Working on alpha=0.00 l1_ratio=0.001
ERROR:root:Working on alpha=0.00 l1_ratio=0.0001
ERROR:root:perf_df.shape: (12000, 6)
ERROR:root:coef_np.shape: (12000, 54)
ERROR:root:sub_atl.shape: (6036, 54)
ERROR:root:tmp.shape: (6931, 60)
/hpc/users/sucuy01/.conda/envs/scanpy-env/lib/python3.11/site-packages/sklearn/utils/_param_validation.py:594: FutureWarning: Passing an int for a boolean parameter is deprecated in version 1.2 and won't be supported anymore in version 1.4.
  warnings.warn(
/hpc/users/sucuy01/.conda/envs/scanpy-env/lib/python3.11/site-packages/sklearn/utils/_param_validation.py:594: FutureWarning: Passing an int for a boolean parameter is deprecated in version 1.2 and won't be supported anymore in version 1.4.
  warnings.warn(
/hpc/users/sucuy01/.conda/envs/scanpy-env/lib/python3.11/site-packages/sklearn/utils/_param_validation.py:594: FutureWarning: Passing an int for a boolean parameter is deprecated in version 1.2 and won't be supported anymore in version 1.4.
  warnings.warn(
ERROR:root:(540, 2)
ERROR:root:(162, 2)
