Sender: LSF System <lsfadmin@lh06c19>
Subject: Job 234570660: <atlas> in cluster <chimera> Done

Job <atlas> was submitted from host <lh06c19> by user <sucuy01> in cluster <chimera> at Thu Mar 12 03:36:10 2026
Job was executed on host(s) <lh06c19>, in queue <premium>, as user <sucuy01> in cluster <chimera> at Thu Mar 12 03:36:15 2026
</hpc/users/sucuy01> was used as the home directory.
</hpc/users/sucuy01/Yasemin_projects/gnpc_biomarker/updated_biomarker/biomarker-tracing> was used as the working directory.
Started at Thu Mar 12 03:36:15 2026
Terminated at Thu Mar 12 03:38:06 2026
Results reported at Thu Mar 12 03:38:06 2026

Your job looked like:

------------------------------------------------------------
# LSBATCH: User input
bash bash_scripts/elasticnet_kfold_ver2.sh placeholder /hpc/users/sucuy01/Yasemin_projects/gnpc_biomarker/updated_biomarker/biomarker-tracing/gnpc_run_results/pipeline_univar_multivar_ts_hca_pp_50//univar_association_testing/AD/atlas_smal_path_sig_cel_tis_filtered.tsv /hpc/users/sucuy01/Yasemin_projects/gnpc_biomarker/updated_biomarker/biomarker-tracing/gnpc_sumstats/ /hpc/users/sucuy01/Yasemin_projects/gnpc_biomarker/updated_biomarker/biomarker-tracing/gnpc_run_results/pipeline_univar_multivar_ts_hca_pp_50//elastic_kfold_ver2/AD AD 100 10 0 z_score 0 -1 0
------------------------------------------------------------

Successfully completed.

Resource usage summary:

    CPU time :                                   106.98 sec.
    Max Memory :                                 256 MB
    Average Memory :                             176.74 MB
    Total Requested Memory :                     2000.00 MB
    Delta Memory :                               1744.00 MB
    Max Swap :                                   -
    Max Processes :                              4
    Max Threads :                                5
    Run time :                                   111 sec.
    Turnaround time :                            116 sec.

The output (if any) follows:

Python being used:
/hpc/users/sucuy01/.conda/envs/scanpy-env/bin/python
sklearn 1.3.2


PS:

Read file </hpc/users/sucuy01/Yasemin_projects/gnpc_biomarker/updated_biomarker/biomarker-tracing/gnpc_run_results/pipeline_univar_multivar_ts_hca_pp_50//elastic_kfold_ver2/AD/AD.csv.stderr> for stderr output of this job.

