Sender: LSF System <lsfadmin@lc07e38>
Subject: Job 234563598: <atlas> in cluster <chimera> Exited

Job <atlas> was submitted from host <lc06e51> by user <sucuy01> in cluster <chimera> at Thu Mar 12 02:26:22 2026
Job was executed on host(s) <lc07e38>, in queue <premium>, as user <sucuy01> in cluster <chimera> at Thu Mar 12 02:26:25 2026
</hpc/users/sucuy01> was used as the home directory.
</hpc/users/sucuy01/Yasemin_projects/gnpc_biomarker/updated_biomarker/biomarker-tracing> was used as the working directory.
Started at Thu Mar 12 02:26:25 2026
Terminated at Thu Mar 12 02:26:30 2026
Results reported at Thu Mar 12 02:26:30 2026

Your job looked like:

------------------------------------------------------------
# LSBATCH: User input
bash bash_scripts/stability_analyses.sh placeholder /hpc/users/sucuy01/Yasemin_projects/gnpc_biomarker/updated_biomarker/biomarker-tracing/gnpc_run_results/pipeline_univar_multivar_hpa_pp_50//univar_association_testing/AD/atlas_smal_path_sig_cel_tis_filtered.tsv /hpc/users/sucuy01/Yasemin_projects/gnpc_biomarker/updated_biomarker/biomarker-tracing/gnpc_sumstats/ /hpc/users/sucuy01/Yasemin_projects/gnpc_biomarker/updated_biomarker/biomarker-tracing/gnpc_run_results/pipeline_univar_multivar_hpa_pp_50//stability_analyses/AD AD z_score 0.6 0 -1
------------------------------------------------------------

Exited with exit code 1.

Resource usage summary:

    CPU time :                                   2.42 sec.
    Max Memory :                                 74 MB
    Average Memory :                             47.25 MB
    Total Requested Memory :                     2000.00 MB
    Delta Memory :                               1926.00 MB
    Max Swap :                                   -
    Max Processes :                              4
    Max Threads :                                5
    Run time :                                   5 sec.
    Turnaround time :                            8 sec.

The output (if any) follows:

Python being used:
/hpc/users/sucuy01/.conda/envs/scanpy-env/bin/python
sklearn 1.3.2


PS:

Read file </hpc/users/sucuy01/Yasemin_projects/gnpc_biomarker/updated_biomarker/biomarker-tracing/gnpc_run_results/pipeline_univar_multivar_hpa_pp_50//stability_analyses/AD/AD.csv.stderr> for stderr output of this job.

