Sender: LSF System <lsfadmin@lc07e46>
Subject: Job 234563600: <atlas> in cluster <chimera> Exited

Job <atlas> was submitted from host <lc06e51> by user <sucuy01> in cluster <chimera> at Thu Mar 12 02:26:22 2026
Job was executed on host(s) <lc07e46>, in queue <premium>, as user <sucuy01> in cluster <chimera> at Thu Mar 12 02:26:25 2026
</hpc/users/sucuy01> was used as the home directory.
</hpc/users/sucuy01/Yasemin_projects/gnpc_biomarker/updated_biomarker/biomarker-tracing> was used as the working directory.
Started at Thu Mar 12 02:26:25 2026
Terminated at Thu Mar 12 02:34:27 2026
Results reported at Thu Mar 12 02:34:27 2026

Your job looked like:

------------------------------------------------------------
# LSBATCH: User input
bash bash_scripts/tree_based_methods.sh placeholder /hpc/users/sucuy01/Yasemin_projects/gnpc_biomarker/updated_biomarker/biomarker-tracing/gnpc_run_results/pipeline_univar_multivar_hpa_pp_50//univar_association_testing/AD/atlas_smal_path_sig_cel_tis_filtered.tsv /hpc/users/sucuy01/Yasemin_projects/gnpc_biomarker/updated_biomarker/biomarker-tracing/gnpc_sumstats/ /hpc/users/sucuy01/Yasemin_projects/gnpc_biomarker/updated_biomarker/biomarker-tracing/gnpc_run_results/pipeline_univar_multivar_hpa_pp_50//tree_based_methods_random_forest/AD AD z_score 1000 10 2 0.7 5 30 1 0 -1
------------------------------------------------------------

Exited with exit code 1.

Resource usage summary:

    CPU time :                                   480.03 sec.
    Max Memory :                                 436 MB
    Average Memory :                             237.31 MB
    Total Requested Memory :                     2000.00 MB
    Delta Memory :                               1564.00 MB
    Max Swap :                                   -
    Max Processes :                              4
    Max Threads :                                5
    Run time :                                   482 sec.
    Turnaround time :                            485 sec.

The output (if any) follows:

Python being used:
/hpc/users/sucuy01/.conda/envs/scanpy-env/bin/python
sklearn 1.3.2


PS:

Read file </hpc/users/sucuy01/Yasemin_projects/gnpc_biomarker/updated_biomarker/biomarker-tracing/gnpc_run_results/pipeline_univar_multivar_hpa_pp_50//tree_based_methods_random_forest/AD/AD.csv.stderr> for stderr output of this job.

